
 Start         Length     Name                   Class
 0001:00000000 0003A664H .text                   CODE
 0002:00000000 00000CBCH .data                   DATA
 0002:00000CBC 00000809H .bss                    BSS


Detailed map of segments

 0001:00000000 00004AB8 C=CODE     S=.text    G=(none)   M=System   ACBP=A9
 0001:00004AB8 0000020C C=CODE     S=.text    G=(none)   M=SysInit  ACBP=A9
 0001:00004CC4 00000A1C C=CODE     S=.text    G=(none)   M=Windows  ACBP=A9
 0001:000056E0 000002B8 C=CODE     S=.text    G=(none)   M=SysConst ACBP=A9
 0001:00005998 00003BD0 C=CODE     S=.text    G=(none)   M=SysUtils ACBP=A9
 0001:00009568 00000038 C=CODE     S=.text    G=(none)   M=Messages ACBP=A9
 0001:000095A0 00000040 C=CODE     S=.text    G=(none)   M=ActiveX  ACBP=A9
 0001:000095E0 000002F8 C=CODE     S=.text    G=(none)   M=Consts   ACBP=A9
 0001:000098D8 000004F0 C=CODE     S=.text    G=(none)   M=TypInfo  ACBP=A9
 0001:00009DC8 00007565 C=CODE     S=.text    G=(none)   M=Classes  ACBP=A9
 0001:00011330 00000783 C=CODE     S=.text    G=(none)   M=MultiMon ACBP=A9
 0001:00011AB4 00006E6F C=CODE     S=.text    G=(none)   M=Graphics ACBP=A9
 0001:00018924 000000F4 C=CODE     S=.text    G=(none)   M=Commctrl ACBP=A9
 0001:00018A18 00000038 C=CODE     S=.text    G=(none)   M=Imm      ACBP=A9
 0001:00018A50 00000040 C=CODE     S=.text    G=(none)   M=Math     ACBP=A9
 0001:00018A90 00000038 C=CODE     S=.text    G=(none)   M=WinSpool ACBP=A9
 0001:00018AC8 00000044 C=CODE     S=.text    G=(none)   M=Printers ACBP=A9
 0001:00018B0C 0000033B C=CODE     S=.text    G=(none)   M=FlatSB   ACBP=A9
 0001:00018E48 00000038 C=CODE     S=.text    G=(none)   M=StdCtrls ACBP=A9
 0001:00018E80 00000094 C=CODE     S=.text    G=(none)   M=Clipbrd  ACBP=A9
 0001:00018F14 0000015C C=CODE     S=.text    G=(none)   M=StdActns ACBP=A9
 0001:00019070 00000E38 C=CODE     S=.text    G=(none)   M=ActnList ACBP=A9
 0001:00019EA8 0000BDAB C=CODE     S=.text    G=(none)   M=Forms    ACBP=A9
 0001:00025C54 00001710 C=CODE     S=.text    G=(none)   M=ImgList  ACBP=A9
 0001:00027364 000044D6 C=CODE     S=.text    G=(none)   M=Menus    ACBP=A9
 0001:0002B83C 0000E977 C=CODE     S=.text    G=(none)   M=Controls ACBP=A9
 0001:0003A1B4 00000038 C=CODE     S=.text    G=(none)   M=CommDlg  ACBP=A9
 0001:0003A1EC 00000038 C=CODE     S=.text    G=(none)   M=ExtCtrls ACBP=A9
 0001:0003A224 00000038 C=CODE     S=.text    G=(none)   M=Dlgs     ACBP=A9
 0001:0003A25C 0000026D C=CODE     S=.text    G=(none)   M=Dialogs  ACBP=A9
 0001:0003A4CC 00000038 C=CODE     S=.text    G=(none)   M=Unit1    ACBP=A9
 0001:0003A504 0000015D C=CODE     S=.text    G=(none)   M=ADwin    ACBP=A9
 0002:00000000 0000009A C=DATA     S=.data    G=DGROUP   M=System   ACBP=A9
 0002:0000009C 00000028 C=DATA     S=.data    G=DGROUP   M=SysInit  ACBP=A9
 0002:000000C4 000001E4 C=DATA     S=.data    G=DGROUP   M=SysUtils ACBP=A9
 0002:000002A8 00000010 C=DATA     S=.data    G=DGROUP   M=TypInfo  ACBP=A9
 0002:000002B8 00000058 C=DATA     S=.data    G=DGROUP   M=Classes  ACBP=A9
 0002:00000310 000002B4 C=DATA     S=.data    G=DGROUP   M=Graphics ACBP=A9
 0002:000005C4 00000004 C=DATA     S=.data    G=DGROUP   M=Printers ACBP=A9
 0002:000005C8 00000138 C=DATA     S=.data    G=DGROUP   M=Forms    ACBP=A9
 0002:00000700 00000020 C=DATA     S=.data    G=DGROUP   M=ImgList  ACBP=A9
 0002:00000720 000000D8 C=DATA     S=.data    G=DGROUP   M=Menus    ACBP=A9
 0002:000007F8 00000128 C=DATA     S=.data    G=DGROUP   M=Controls ACBP=A9
 0002:00000920 00000070 C=DATA     S=.data    G=DGROUP   M=Dialogs  ACBP=A9
 0002:00001000 000004C8 C=BSS      S=.bss     G=DGROUP   M=System   ACBP=A9
 0002:000014C8 0000001C C=BSS      S=.bss     G=DGROUP   M=SysInit  ACBP=A9
 0002:000014E4 00000004 C=BSS      S=.bss     G=DGROUP   M=Windows  ACBP=A9
 0002:000014E8 00000004 C=BSS      S=.bss     G=DGROUP   M=SysConst ACBP=A9
 0002:000014EC 00000114 C=BSS      S=.bss     G=DGROUP   M=SysUtils ACBP=A9
 0002:00001600 00000004 C=BSS      S=.bss     G=DGROUP   M=Messages ACBP=A9
 0002:00001604 00000004 C=BSS      S=.bss     G=DGROUP   M=ActiveX  ACBP=A9
 0002:00001608 00000004 C=BSS      S=.bss     G=DGROUP   M=Consts   ACBP=A9
 0002:0000160C 00000004 C=BSS      S=.bss     G=DGROUP   M=TypInfo  ACBP=A9
 0002:00001610 00000020 C=BSS      S=.bss     G=DGROUP   M=Classes  ACBP=A9
 0002:00001630 00000031 C=BSS      S=.bss     G=DGROUP   M=MultiMon ACBP=A9
 0002:00001664 00000060 C=BSS      S=.bss     G=DGROUP   M=Graphics ACBP=A9
 0002:000016C4 00000004 C=BSS      S=.bss     G=DGROUP   M=Commctrl ACBP=A9
 0002:000016C8 00000004 C=BSS      S=.bss     G=DGROUP   M=Imm      ACBP=A9
 0002:000016CC 00000004 C=BSS      S=.bss     G=DGROUP   M=Math     ACBP=A9
 0002:000016D0 00000004 C=BSS      S=.bss     G=DGROUP   M=WinSpool ACBP=A9
 0002:000016D4 00000004 C=BSS      S=.bss     G=DGROUP   M=Printers ACBP=A9
 0002:000016D8 00000034 C=BSS      S=.bss     G=DGROUP   M=FlatSB   ACBP=A9
 0002:0000170C 00000004 C=BSS      S=.bss     G=DGROUP   M=StdCtrls ACBP=A9
 0002:00001710 0000000C C=BSS      S=.bss     G=DGROUP   M=Clipbrd  ACBP=A9
 0002:0000171C 00000004 C=BSS      S=.bss     G=DGROUP   M=StdActns ACBP=A9
 0002:00001720 00000004 C=BSS      S=.bss     G=DGROUP   M=ActnList ACBP=A9
 0002:00001724 00000044 C=BSS      S=.bss     G=DGROUP   M=Forms    ACBP=A9
 0002:00001768 00000004 C=BSS      S=.bss     G=DGROUP   M=ImgList  ACBP=A9
 0002:0000176C 0000000C C=BSS      S=.bss     G=DGROUP   M=Menus    ACBP=A9
 0002:00001778 00000070 C=BSS      S=.bss     G=DGROUP   M=Controls ACBP=A9
 0002:000017E8 00000004 C=BSS      S=.bss     G=DGROUP   M=CommDlg  ACBP=A9
 0002:000017EC 00000004 C=BSS      S=.bss     G=DGROUP   M=ExtCtrls ACBP=A9
 0002:000017F0 00000004 C=BSS      S=.bss     G=DGROUP   M=Dlgs     ACBP=A9
 0002:000017F4 0000000C C=BSS      S=.bss     G=DGROUP   M=Dialogs  ACBP=A9
 0002:00001800 00000008 C=BSS      S=.bss     G=DGROUP   M=Unit1    ACBP=A9


  Address         Publics by Name

 0002:00001804       .2
 0002:00001424       .3
 0001:000017E4       @AbstractError
 0001:00001F30       @AfterConstruction
 0001:0000427D       @Append
 0001:00001D94       @AsClass
 0001:00004156       @Assign
 0001:000018B4       @AStrCmp
 0001:00001F38       @BeforeDestruction
 0001:00001DE0       @CallDynaInst
 0001:00001ED8       @ClassCreate
 0001:00001F28       @ClassDestroy
 0001:000041F8       @Close
 0001:00003244       @CopyArray
 0001:00003128       @CopyRecord
 0001:000022F4       @DoneExcept
 0001:00003A70       @DynArrayAsg
 0001:00003A34       @DynArrayClear
 0001:00003874       @DynArrayHigh
 0001:0000386C       @DynArrayLength
 0001:00003A28       @DynArraySetLength
 0001:00001924       @FillChar
 0001:0000311C       @Finalize
 0001:0000303C       @FinalizeArray
 0001:00003010       @FinalizeRecord
 0001:000041D1       @Flush
 0001:00001698       @FreeMem
 0001:00001680       @GetMem
 0001:00004BB4       @GetTls
 0001:000027E0       @Halt
 0001:000026C8       @Halt0
 0001:00002044       @HandleAnyException
 0001:0000224C       @HandleFinally
 0001:00002114       @HandleOnException
 0001:00003004       @Initialize
 0001:00002F70       @InitializeArray
 0001:00002F44       @InitializeRecord
 0001:00002624       @InitImports
 0001:00004C44       @InitLib
 0001:00002608       @InitResStringImports
 0001:00003ECC       @IntfAddRef
 0001:00003E98       @IntfClear
 0001:00003EB0       @IntfCopy
 0001:00001D7C       @IsClass
 0001:00002C28       @LStrAddRef
 0001:0000281C       @LStrArrayClr
 0001:0000284C       @LStrAsg
 0001:00002A7C       @LStrCat
 0001:00002AC0       @LStrCat3
 0001:00002B34       @LStrCatN
 0001:000027F8       @LStrClr
 0001:00002B84       @LStrCmp
 0001:00002C78       @LStrCopy
 0001:00002CB8       @LStrDelete
 0001:00002A24       @LStrFromArray
 0001:0000299C       @LStrFromChar
 0001:000029AC       @LStrFromPChar
 0001:000028DC       @LStrFromPCharLen
 0001:000029DC       @LStrFromPWChar
 0001:0000290C       @LStrFromPWCharLen
 0001:00002A18       @LStrFromString
 0001:00002A3C       @LStrFromWStr
 0001:00002890       @LStrLAsg
 0001:00002A74       @LStrLen
 0001:00002D00       @LStrPos
 0001:00002D48       @LStrSetLength
 0001:00002C38       @LStrToPChar
 0001:00002A50       @LStrToString
 0001:000028B8       @NewAnsiString
 0001:00002EE8       @NewWideString
 0001:000043FC       @Pow10
 0001:00001830       @PStrCmp
 0001:00001800       @PStrNCpy
 0001:000022A0       @RaiseAgain
 0001:00002284       @RaiseExcept
 0001:000016B0       @ReallocMem
 0001:0000426F       @ResetText
 0001:00004276       @RewritText
 0001:000017D8       @ROUND
 0001:000027EC       @RunError
 0001:0000256C       @StartLib
 0001:00002324       @TryFinallyExit
 0001:00001944       @ValLong
 0001:00003848       @VarAddRef
 0001:0000369C       @VarCast
 0001:0000347C       @VarClear
 0001:00003840       @VarClr
 0001:000034C0       @VarCopy
 0001:000037CC       @VarFromLStr
 0001:0000380C       @VarFromWStr
 0001:00003790       @VarToLStr
 0001:00004363       @Write0Char
 0001:000043CC       @Write0CString
 0001:00004328       @Write0String
 0001:000043B5       @WriteChar
 0001:000043D0       @WriteCString
 0001:0000434F       @WriteLn
 0001:00004332       @WriteString
 0001:00002DDC       @WStrArrayClr
 0001:00002E00       @WStrAsg
 0001:00002DC4       @WStrClr
 0001:00002ECC       @WStrFromLStr
 0001:00002E24       @WStrFromPCharLen
 0001:00002EA8       @WStrFromPWCharLen
 0001:00002EDC       @WStrLen
 0001:00002F00       @WStrSetLength
 0001:00001A28       @_CLenToPasStr
 0001:00001A10       @_CToPasStr
 0001:000041AC       @_Flush
 0001:00001750       @_IOTest
 0001:00004716       @_lldiv
 0001:0000478E       @_lldivo
 0001:00004809       @_llmod
 0001:00004883       @_llmodo
 0001:000046D0       @_llmul
 0001:000046F3       @_llmulo
 0001:00004903       @_llshl
 0001:000047C0       @_lludiv
 0001:000048B5       @_llumod
 0001:0000493B       @_llushr
 0002:00001018       AbstractErrorProc
 0001:0000504C       ActivateKeyboardLayout
 0002:000017A8       ActiveDrag
 0001:000095D8       ActiveX
 0001:00019EA0       ActnList
 0001:00003CE4       AddModuleUnloadProc
 0001:00005054       AdjustWindowRectEx
 0001:0003A64C       ADwin
 0001:0001C824       AllocateHWnd
 0001:0000645C       AllocMem
 0002:0000141C       AllocMemCount
 0002:00001420       AllocMemSize
 0001:0001871C       AllocPatternBitmap
 0002:000007FC       AnchorAlign
 0001:000064F0       AnsiCompareText
 0001:000066C4       AnsiLastChar
 0001:0000505C       AnsiLower
 0001:00008010       AnsiPos
 0001:00006528       AnsiStrLIComp
 0001:00008048       AnsiStrPos
 0001:000080E8       AnsiStrRScan
 0001:00008110       AnsiStrScan
 0002:00001724       Application
 0002:000006F8       AppVisible
 0002:00001014       AssertErrorProc
 0001:0000B658       BeginGlobalLoading
 0001:00005064       BeginPaint
 0001:00004E84       BitBlt
 0002:00000578       BitmapCanvasList
 0002:000002A8       BooleanIdents
 0001:0000B028       Bounds
 0002:000016B8       BrushManager
 0002:00000938       ButtonNames
 0001:00007FD4       ByteType
 0002:000002B4       C10000
 0001:0000506C       CallNextHookEx
 0001:00008640       CallTerminateProcs
 0001:00005074       CallWindowProc
 0001:0002EA20       CancelDrag
 0002:000017B8       CanvasList
 0002:000016BC       CanvasList
 0002:000008B4       CaptureControl
 0002:00001712       CF_COMPONENT
 0002:00001710       CF_PICTURE
 0002:000013E4       ChangeAnyProc
 0001:000130BC       CharsetToIdent
 0001:0000507C       CheckMenuItem
 0002:00001620       ClassAliasList
 0001:000112C4       Classes
 0002:0000161C       ClassList
 0002:000013E0       ClearAnyProc
 0001:00005084       ClientToScreen
 0002:00000570       ClipboardFormats
 0001:00018EBC       Clipbrd
 0001:00004CDC       CloseHandle
 0002:0000102C       CmdLine
 0002:00001028       CmdShow
 0002:00000340       Colors
 0001:00012EB4       ColorToIdent
 0001:00012EA4       ColorToRGB
 0002:00001770       CommandPool
 0001:00018A10       Commctrl
 0001:0003A1E4       CommDlg
 0001:0000647C       CompareMem
 0001:00004CE4       CompareString
 0001:0000649C       CompareText
 0001:000098D0       Consts
 0002:00001786       ControlAtom
 0001:0003A190       Controls
 0001:000165D8       CopyPalette
 0001:00004E8C       CreateBitmap
 0001:00004E94       CreateBrushIndirect
 0001:00004E9C       CreateCompatibleBitmap
 0001:00004EA4       CreateCompatibleDC
 0001:00004EB4       CreateDIBitmap
 0001:00004EAC       CreateDIBSection
 0001:00004CEC       CreateEvent
 0001:00004CF4       CreateFile
 0001:00004EBC       CreateFontIndirect
 0001:00004EC4       CreateHalftonePalette
 0001:0000508C       CreateIcon
 0001:00005094       CreateMenu
 0001:00004ECC       CreatePalette
 0001:00004ED4       CreatePenIndirect
 0001:0000509C       CreatePopupMenu
 0001:00004EDC       CreateRectRgn
 0001:00004EE4       CreateSolidBrush
 0001:00004CFC       CreateThread
 0001:0000557C       CreateWindow
 0001:000050A4       CreateWindowEx
 0002:000007F8       CreationControl
 0002:000005C8       Ctl3DBtnWndProc
 0002:000005D0       Ctl3DCtlColorEx
 0002:000005CC       Ctl3DDlgFramePaint
 0002:00001730       Ctl3DHandle
 0002:000014F4       CurrencyDecimals
 0002:000014F0       CurrencyFormat
 0002:000014EC       CurrencyString
 0002:00000804       Cursors
 0001:0002D430       CursorToIdent
 0002:000014F5       DateSeparator
 0002:0000033C       DDBsOnly
 0001:0001C8E0       DeallocateHWnd
 0002:00000008       DebugHook
 0002:000014F3       DecimalSeparator
 0002:00000000       Default8087CW
 0002:00000310       DefFontData
 0001:000050AC       DefFrameProc
 0001:000050B4       DefMDIChildProc
 0001:000050BC       DefWindowProc
 0001:00004D04       DeleteCriticalSection
 0001:00004EEC       DeleteDC
 0001:000050C4       DeleteMenu
 0001:00004EF4       DeleteObject
 0001:000050CC       DestroyCursor
 0001:000050D4       DestroyIcon
 0001:000050DC       DestroyMenu
 0001:000050E4       DestroyWindow
 0001:0003A4B0       Dialogs
 0001:0001C27C       DisableTaskWindows
 0001:000050EC       DispatchMessage
 0001:0003A254       Dlgs
 0002:000014D8       DllProc
 0002:000017B0       DockSiteList
 0001:0001C714       DoneCtl3D
 0002:000002B0       DotSep
 0002:00001794       DragCapture
 0002:00001788       DragControl
 0002:00001790       DragFreeObject
 0002:000017AC       DragImageList
 0002:0000178C       DragObject
 0002:000017A0       DragSaveCursor
 0002:000017A4       DragThreshold
 0001:000050F4       DrawEdge
 0001:000050FC       DrawFrameControl
 0001:00005104       DrawIcon
 0001:0000510C       DrawMenuBar
 0001:00005114       DrawText
 0001:0000785C       EHeapException.FreeInstance
 0002:0000140C       EmptyParam
 0002:000000C4       EmptyStr
 0001:0000511C       EnableMenuItem
 0001:00005124       EnableScrollBar
 0001:0001C330       EnableTaskWindows
 0001:0000512C       EnableWindow
 0001:0000B6F0       EndGlobalLoading
 0001:00005134       EndPaint
 0001:00004D0C       EnterCriticalSection
 0001:00004D14       EnumCalendarInfoA
 0002:0000164C       EnumDisplayMonitors
 0001:00004EFC       EnumFontFamiliesEx
 0001:00004F04       EnumFonts
 0001:0000513C       EnumThreadWindows
 0001:00005144       EnumWindows
 0001:0000514C       EqualRect
 0002:000015B8       EraNames
 0002:000015D4       EraYearOffsets
 0002:00001038       ErrorAddr
 0002:000001C4       ErrorMap
 0002:00001004       ErrorProc
 0001:00007578       ExceptAddr
 0002:00001008       ExceptClsProc
 0001:000077A0       Exception.Create
 0001:000077DC       Exception.CreateFmt
 0002:00001010       ExceptionClass
 0001:0000759C       ExceptionErrorMessage
 0002:000001FC       ExceptMap
 0001:00007560       ExceptObject
 0002:0000100C       ExceptObjProc
 0002:00001000       ExceptProc
 0001:00004F0C       ExcludeClipRect
 0002:00001030       ExitCode
 0002:00001034       ExitProc
 0001:0003A21C       ExtCtrls
 0001:00006744       ExtractFileName
 0002:00001718       FClipboard
 0001:000066BC       FileClose
 0001:00006634       FileCreate
 0002:00000574       FileFormats
 0002:00001042       FileMode
 0001:000065F4       FileOpen
 0001:00006658       FileRead
 0001:000066B0       FileSeek
 0001:00006684       FileWrite
 0001:00005154       FillRect
 0001:00019E70       Finalization
 0001:00019038       Finalization
 0001:00018E80       Finalization
 0001:00018E48       Finalization
 0001:00009568       Finalization
 0001:00018E08       Finalization
 0001:000095A8       Finalization
 0001:000098A0       Finalization
 0001:00009D70       Finalization
 0001:00011218       Finalization
 0001:00011A74       Finalization
 0001:00018754       Finalization
 0001:000189E0       Finalization
 0001:00018A18       Finalization
 0001:00018A58       Finalization
 0001:00018A90       Finalization
 0001:00018AC8       Finalization
 0001:0000939C       Finalization
 0001:00004958       Finalization
 0001:00004C8C       Finalization
 0001:00025BE0       Finalization
 0001:0002732C       Finalization
 0001:0002B790       Finalization
 0001:0003A13C       Finalization
 0001:0003A1B4       Finalization
 0001:0003A1EC       Finalization
 0001:0003A224       Finalization
 0001:0003A454       Finalization
 0001:00005960       Finalization
 0001:0003A4CC       Finalization
 0001:0003A51C       Finalization
 0001:000056A8       Finalization
 0001:0000B184       FindClass
 0001:00003AC0       FindClassHInstance
 0001:0002D250       FindControl
 0001:0002EA6C       FindDragTarget
 0002:00001614       FindGlobalComponent
 0001:00003A98       FindHInstance
 0002:000017FC       FindMsg
 0001:00004D1C       FindResource
 0001:00003AC8       FindResourceHInstance
 0001:0002EA38       FindVCLWindow
 0001:0000515C       FindWindow
 0001:00018E38       FlatSB
 0002:000016D8       FlatSB_EnableScrollBar
 0002:000016E4       FlatSB_GetScrollInfo
 0002:000016E8       FlatSB_GetScrollPos
 0002:000016E0       FlatSB_GetScrollRange
 0002:000016F0       FlatSB_SetScrollInfo
 0002:000016EC       FlatSB_SetScrollPos
 0001:00018B0C       FlatSB_SetScrollProp
 0002:000016F4       FlatSB_SetScrollRange
 0002:000016DC       FlatSB_ShowScrollBar
 0001:000090AA       FloatToDecimal
 0001:00008B0E       FloatToText
 0001:00008DD7       FloatToTextFmt
 0001:00006F4C       FmtStr
 0002:000005DC       FocusCount
 0002:000005D8       FocusMessages
 0002:00000490       FontCharsets
 0002:000016B0       FontManager
 0001:0001C448       ForegroundTask
 0002:00001800       Form1
 0001:00006F38       Format
 0001:00006AD8       FormatBuf
 0002:00000124       FormatErrorStrs
 0001:00004D24       FormatMessage
 0001:00025C34       Forms
 0001:000043FC       FPower10
 0002:000005C4       FPrinter
 0001:00005164       FrameRect
 0001:00004D2C       FreeLibrary
 0001:00015AC0       FreeMemoryContexts
 0001:0001C800       FreeObjectInstance
 0001:00004D34       FreeResource
 0001:0000516C       GetActiveWindow
 0001:00004F14       GetBitmapBits
 0001:00004F1C       GetBrushOrgEx
 0001:00005174       GetCapture
 0001:0002D4D8       GetCaptureControl
 0001:0000B0D4       GetClass
 0001:0000517C       GetClassInfo
 0001:00005184       GetClientRect
 0001:00004F24       GetClipBox
 0001:00004D3C       GetCPInfo
 0001:00004F2C       GetCurrentPositionEx
 0001:00004D44       GetCurrentProcessId
 0001:00004D4C       GetCurrentThreadId
 0001:000054F8       GetCurrentTime
 0001:0000518C       GetCursor
 0001:00005194       GetCursorPos
 0001:0000519C       GetDC
 0001:000051A4       GetDCEx
 0001:00004F34       GetDCOrgEx
 0001:00018360       GetDefFontCharSet
 0001:000051AC       GetDesktopWindow
 0001:00004F4C       GetDeviceCaps
 0001:000154C4       GetDIB
 0001:00004F3C       GetDIBColorTable
 0001:00004F44       GetDIBits
 0001:0001540C       GetDIBSizes
 0001:00004D54       GetDiskFreeSpaceA
 0002:00000100       GetDiskFreeSpaceEx
 0001:00009910       GetEnumValue
 0001:000051B4       GetFocus
 0001:000051BC       GetForegroundWindow
 0001:00008208       GetFormatSettings
 0001:000051C4       GetIconInfo
 0001:000051DC       GetKeyboardLayout
 0001:000051E4       GetKeyboardLayoutList
 0001:000051EC       GetKeyboardState
 0001:000051CC       GetKeyNameText
 0001:000051D4       GetKeyState
 0001:000051F4       GetLastActivePopup
 0001:00004D5C       GetLastError
 0001:000070AC       GetLocaleChar
 0001:00004D64       GetLocaleInfo
 0001:00007060       GetLocaleStr
 0001:0002D494       GetLongHint
 0001:000051FC       GetMenu
 0001:00005204       GetMenuItemCount
 0001:0000520C       GetMenuItemID
 0001:00005214       GetMenuItemInfo
 0001:0000521C       GetMenuState
 0001:00005224       GetMenuString
 0001:00004D6C       GetModuleFileName
 0001:00004D74       GetModuleHandle
 0002:00001648       GetMonitorInfo
 0002:00001640       GetMonitorInfoA
 0002:00001644       GetMonitorInfoW
 0001:0000522C       GetNextWindow
 0001:00004F54       GetObject
 0001:000099C8       GetOrdProp
 0001:00004F5C       GetPaletteEntries
 0001:00005234       GetParent
 0001:0001CA84       GetParentForm
 0001:00004F64       GetPixel
 0001:00004D7C       GetProcAddress
 0001:0000523C       GetProp
 0001:0000995C       GetPropInfo
 0001:00005244       GetScrollInfo
 0001:0000524C       GetScrollPos
 0001:00005254       GetScrollRange
 0001:0002D450       GetShortHint
 0001:00004F6C       GetStockObject
 0001:0000525C       GetSubMenu
 0001:00005264       GetSysColor
 0001:00004D84       GetSystemInfo
 0001:0000526C       GetSystemMenu
 0001:00005274       GetSystemMetrics
 0002:00001630       GetSystemMetrics
 0001:00004F74       GetSystemPaletteEntries
 0001:00004F7C       GetTextExtentPoint
 0001:00004F84       GetTextMetrics
 0001:00004D8C       GetThreadLocale
 0001:00004D94       GetTickCount
 0001:0000527C       GetTopWindow
 0001:00009904       GetTypeData
 0001:00004D9C       GetVersion
 0001:00004DA4       GetVersionEx
 0001:00005284       GetWindow
 0001:0000528C       GetWindowDC
 0001:00005294       GetWindowLong
 0001:00004F8C       GetWindowOrgEx
 0001:0000529C       GetWindowPlacement
 0001:000052A4       GetWindowRect
 0001:000052AC       GetWindowRgn
 0001:000052B4       GetWindowText
 0001:000052BC       GetWindowThreadProcessId
 0001:00004DAC       GlobalAddAtom
 0001:00004DB4       GlobalAlloc
 0001:00005504       GlobalAllocPtr
 0001:00004DBC       GlobalDeleteAtom
 0002:00001628       GlobalFixupList
 0001:0000DE6C       GlobalFixupReferences
 0001:00004DC4       GlobalFree
 0001:00005530       GlobalFreePtr
 0001:00004DD4       GlobalHandle
 0001:00004DCC       GlobalLock
 0002:00001610       GlobalNameSpace
 0001:00004DDC       GlobalReAlloc
 0001:00005514       GlobalReAllocPtr
 0001:00004DE4       GlobalUnlock
 0001:00018828       Graphics
 0002:00000004       HeapAllocFlags
 0002:0000142C       heapErrorCode
 0002:000017F8       HelpMsg
 0002:000000FC       HexDisplayPrefix
 0001:000054F0       HiByte
 0002:000014D4       HInstance
 0002:0000175C       HintDoneEvent
 0002:00001760       HintHook
 0002:00001764       HintThread
 0002:00001758       HintThreadID
 0002:000005D4       HintWindowClass
 0001:000055B0       HwndMSWheel
 0001:000130CC       IdentToCharset
 0001:00012EC4       IdentToColor
 0001:0002D440       IdentToCursor
 0001:0000B54C       IdentToInt
 0001:0001893C       ImageList_Add
 0001:0001895C       ImageList_AddIcon
 0001:00018980       ImageList_BeginDrag
 0001:00018924       ImageList_Create
 0001:0001892C       ImageList_Destroy
 0001:00018990       ImageList_DragEnter
 0001:00018998       ImageList_DragLeave
 0001:000189A0       ImageList_DragMove
 0001:000189B0       ImageList_DragShowNolock
 0001:00018968       ImageList_Draw
 0001:00018970       ImageList_DrawEx
 0001:00018988       ImageList_EndDrag
 0001:00018954       ImageList_GetBkColor
 0001:000189B8       ImageList_GetDragImage
 0001:000189C8       ImageList_GetIconSize
 0001:00018934       ImageList_GetImageCount
 0001:000189D8       ImageList_GetImageInfo
 0001:000189C0       ImageList_Read
 0001:00018978       ImageList_Remove
 0001:00018944       ImageList_ReplaceIcon
 0001:0001894C       ImageList_SetBkColor
 0001:000189A8       ImageList_SetDragCursorImage
 0001:000189D0       ImageList_SetIconSize
 0001:0002735C       ImgList
 0001:00018A48       Imm
 0002:00000914       IMM32DLL
 0001:00039FA4       Imm32IsIME
 0001:000052C4       InflateRect
 0001:0001C4EC       InitCtl3D
 0001:00004DEC       InitializeCriticalSection
 0002:00001428       initialized
 0001:00018B40       InitializeFlatSB
 0001:0000B818       InitInheritedComponent
 0001:0002D198       InitWndProc
 0002:00001048       Input
 0001:000052CC       InsertMenu
 0001:000052D4       InsertMenuItem
 0002:00001624       IntConstList
 0001:00004F94       IntersectClipRect
 0001:000052DC       IntersectRect
 0001:0000B58C       IntToIdent
 0001:000065AC       IntToStr
 0001:000052E4       InvalidateRect
 0002:000015FC       InvalidPointer
 0001:00001780       IOResult
 0001:0001C9E4       IsAccel
 0001:000052EC       IsChild
 0002:00001040       IsConsole
 0001:000052F4       IsDialogMessage
 0001:000095A0       IsEqualIID
 0001:000052FC       IsIconic
 0002:00001024       IsLibrary
 0002:00001041       IsMultiThread
 0001:00006548       IsValidIdent
 0001:00005304       IsWindow
 0001:0000530C       IsWindowEnabled
 0001:00005314       IsWindowVisible
 0001:0000531C       IsZoomed
 0001:0001C998       KeyboardStateToShiftState
 0001:0001C95C       KeyDataToShiftState
 0001:0001C908       KeysToShiftState
 0001:00005324       KillTimer
 0001:000066F4       LastDelimiter
 0002:000000DC       LeadBytes
 0001:00004DF4       LeaveCriticalSection
 0002:0000000C       LibModuleList
 0001:00004F9C       LineTo
 0002:000015F0       ListSeparator
 0001:0000532C       LoadBitmap
 0001:00005334       LoadCursor
 0001:0000533C       LoadIcon
 0001:00004DFC       LoadLibrary
 0001:00004E04       LoadResource
 0001:00003AEC       LoadResourceModule
 0001:00003E40       LoadResString
 0001:00005344       LoadString
 0001:00004E0C       LockResource
 0002:000014FC       LongDateFormat
 0002:00001590       LongDayNames
 0002:00001544       LongMonthNames
 0002:00001510       LongTimeFormat
 0001:00004E7C       lstrcpy
 0002:0000101C       MainInstance
 0002:00001020       MainThreadID
 0001:000054E4       MakeLong
 0001:0001C768       MakeObjectInstance
 0001:00005544       MakeROP4
 0001:0000534C       MapVirtualKey
 0001:00005354       MapWindowPoints
 0001:00004FA4       MaskBlt
 0001:00018A88       Math
 0001:00018A50       Max
 0002:00000720       MenuKeyCaps
 0001:0002B7EC       Menus
 0001:0000535C       MessageBox
 0001:00009598       Messages
 0002:00001660       MMAvailable
 0002:000014C9       ModuleIsCpp
 0002:000014C8       ModuleIsLib
 0002:00000010       ModuleUnloadList
 0002:0000163C       MonitorFromPoint
 0002:00001638       MonitorFromRect
 0002:00001634       MonitorFromWindow
 0002:00001778       Mouse
 0001:00001798       Move
 0001:00004FAC       MoveToEx
 0001:0002EAF8       MoveWindowOrg
 0001:00004E14       MulDiv
 0001:00011AA4       MultiMon
 0002:000014F1       NegCurrFormat
 0002:0000177C       NewStyleControls
 0001:0000B6B8       NotifyGlobalLoading
 0002:000013FC       Null
 0001:00005364       OemToAnsi
 0001:0000536C       OffsetRect
 0001:000033C4       OleStrToStrVar
 0002:000015F8       OutOfMemory
 0002:00001214       Output
 0001:00012AA0       PaletteChanged
 0001:00004FB4       PatBlt
 0002:000016C0       PatternManager
 0001:00005374       PeekMessage
 0002:000016B4       PenManager
 0001:0000AFF4       Point
 0001:00005564       PointToSmallPoint
 0002:00001774       PopupList
 0001:0000537C       PostMessage
 0001:00005384       PostQuitMessage
 0001:00018B04       Printers
 0001:0000538C       PtInRect
 0002:000017B4       QualifyingSites
 0001:0000857C       RaiseLastWin32Error
 0001:00001700       RaiseList
 0002:0000103C       RandSeed
 0001:00004E1C       ReadFile
 0001:00004FBC       RealizePalette
 0001:0000B00C       Rect
 0001:00004FC4       RectVisible
 0002:000013E8       RefAnyProc
 0001:00004CC4       RegCloseKey
 0001:0000B270       RegisterClass
 0001:00005394       RegisterClass
 0001:0000B394       RegisterClasses
 0001:0000539C       RegisterClipboardFormat
 0001:0000B520       RegisterIntegerConsts
 0001:00003DC0       RegisterModule
 0001:000053A4       RegisterWindowMessage
 0001:00004CCC       RegOpenKeyEx
 0001:00004CD4       RegQueryValueEx
 0001:000053AC       ReleaseCapture
 0001:000053B4       ReleaseDC
 0002:00001480       remBytes
 0001:0000E05C       RemoveFixupReferences
 0001:0000E108       RemoveFixups
 0001:000053BC       RemoveMenu
 0001:00003D04       RemoveModuleUnloadProc
 0001:000053C4       RemoveProp
 0001:00004FCC       RestoreDC
 0001:00004FD4       SaveDC
 0002:00001728       Screen
 0002:0000166C       ScreenLogPixels
 0001:000053CC       ScreenToClient
 0001:000053D4       ScrollWindow
 0001:00004FDC       SelectObject
 0001:00004FE4       SelectPalette
 0001:0002D26C       SendAppMessage
 0001:000053DC       SendMessage
 0001:000053E4       SetActiveWindow
 0001:00004FEC       SetBkColor
 0001:00004FF4       SetBkMode
 0001:00004FFC       SetBrushOrgEx
 0001:000053EC       SetCapture
 0001:0002D500       SetCaptureControl
 0001:000053F4       SetCursor
 0001:00005004       SetDIBColorTable
 0001:00004E24       SetEndOfFile
 0001:00004E2C       SetErrorMode
 0001:00004E34       SetEvent
 0001:00004E3C       SetFilePointer
 0001:00009C4C       SetFloatProp
 0001:000053FC       SetFocus
 0001:00005404       SetForegroundWindow
 0001:00039EC8       SetImeMode
 0001:00001770       SetInOutRes
 0001:0000540C       SetMenu
 0001:00005414       SetMenuItemInfo
 0001:00009D38       SetMethodProp
 0001:00009A3C       SetOrdProp
 0001:0000500C       SetPixel
 0001:0000541C       SetProp
 0001:00005424       SetRect
 0001:00005014       SetROP2
 0001:0000542C       SetScrollInfo
 0001:00005434       SetScrollPos
 0001:0000543C       SetScrollRange
 0001:0000501C       SetStretchBltMode
 0001:00009C20       SetStrProp
 0001:00005024       SetTextColor
 0001:00004E44       SetThreadLocale
 0001:00005444       SetTimer
 0001:00009CF8       SetVariantProp
 0001:0000502C       SetViewportOrgEx
 0001:0000544C       SetWindowLong
 0001:00005034       SetWindowOrgEx
 0001:00005454       SetWindowPlacement
 0001:0000545C       SetWindowPos
 0001:0000546C       SetWindowRgn
 0001:00005464       SetWindowsHookEx
 0001:00027E54       ShortCut
 0001:00027EF4       ShortCutToText
 0002:000014F8       ShortDateFormat
 0002:00001574       ShortDayNames
 0002:00001514       ShortMonthNames
 0002:0000150C       ShortTimeFormat
 0001:00005474       ShowCursor
 0001:00007728       ShowException
 0001:0000547C       ShowOwnedPopups
 0001:00005484       ShowScrollBar
 0001:0003A504       ShowSettingsWindow
 0001:0000548C       ShowWindow
 0001:00004E4C       SizeofResource
 0001:00004E54       Sleep
 0001:0000AFFC       SmallPoint
 0001:00005550       SmallPointToPoint
 0001:00019068       StdActns
 0001:00018E78       StdCtrls
 0002:00001674       StockBrush
 0002:00001678       StockFont
 0002:0000167C       StockIcon
 0002:00001670       StockPen
 0001:00006A04       StrAlloc
 0001:00006A18       StrBufSize
 0001:00007FF8       StrByteType
 0001:00006924       StrComp
 0001:00006858       StrCopy
 0001:00006A50       StrDispose
 0001:00006880       StrECopy
 0001:00006808       StrEnd
 0001:0000503C       StretchBlt
 0001:00006ED0       StrFmt
 0001:000033E8       StringToOleStr
 0001:000068AC       StrLCopy
 0001:000067F0       StrLen
 0001:00006F04       StrLFmt
 0001:00006948       StrLIComp
 0001:0000681C       StrMove
 0001:00006A24       StrNew
 0001:000068E0       StrPCopy
 0001:00006904       StrPLCopy
 0001:000069B0       StrPos
 0001:00006990       StrScan
 0001:000065DC       StrToIntDef
 0001:00005990       SysConst
 0001:00007014       SysErrorMessage
 0001:00001248       SysFreeMem
 0001:000010C0       SysGetMem
 0001:00004CBC       SysInit
 0002:000015AC       SysLocale
 0001:000015BC       SysReallocMem
 0001:000049C0       System
 0002:00001664       SystemPalette16
 0001:00005494       SystemParametersInfo
 0001:000094E8       SysUtils
 0001:00019940       TActionLink.IsCaptionLinked
 0001:00019954       TActionLink.IsCheckedLinked
 0001:00019968       TActionLink.IsEnabledLinked
 0001:0001997C       TActionLink.IsHelpContextLinked
 0001:00019990       TActionLink.IsHintLinked
 0001:000199A4       TActionLink.IsImageIndexLinked
 0001:000199B8       TActionLink.IsShortCutLinked
 0001:000199CC       TActionLink.IsVisibleLinked
 0001:000199E0       TActionLink.SetCaption
 0001:000199E4       TActionLink.SetChecked
 0001:000199E8       TActionLink.SetEnabled
 0001:000199EC       TActionLink.SetHelpContext
 0001:000199F0       TActionLink.SetHint
 0001:000199F4       TActionLink.SetImageIndex
 0001:000199F8       TActionLink.SetShortCut
 0001:000199FC       TActionLink.SetVisible
 0001:00025758       TApplication.ActivateHint
 0001:00024760       TApplication.BringToFront
 0001:00025578       TApplication.CancelHint
 0001:00023EF0       TApplication.CheckIniChange
 0001:00023CF0       TApplication.ControlDestroyed
 0001:000238EC       TApplication.Create
 0001:00023B60       TApplication.CreateHandle
 0001:00023A80       TApplication.Destroy
 0001:00025AF0       TApplication.DispatchAction
 0001:00024FCC       TApplication.DoActionIdle
 0001:00025030       TApplication.DoMouseIdle
 0001:00023DBC       TApplication.DoNormalizeTopMosts
 0001:00025B80       TApplication.ExecuteAction
 0001:00024674       TApplication.GetIconHandle
 0001:0002479C       TApplication.GetTitle
 0001:00024B8C       TApplication.HandleException
 0001:00024A7C       TApplication.HandleMessage
 0001:00024F84       TApplication.HelpCommand
 0001:00024F78       TApplication.HelpContext
 0001:0002553C       TApplication.HideHint
 0001:000253FC       TApplication.HintMouseMessage
 0001:00025508       TApplication.HintTimerExpired
 0001:00024AA0       TApplication.HookMainWindow
 0001:0002520C       TApplication.IconChanged
 0001:000250B4       TApplication.Idle
 0001:00024E4C       TApplication.InvokeHelp
 0001:000247E4       TApplication.IsDlgMsg
 0001:00024948       TApplication.IsHintMsg
 0001:00024808       TApplication.IsIdleMessage
 0001:000248B4       TApplication.IsKeyMsg
 0001:00024864       TApplication.IsMDIMsg
 0001:00024978       TApplication.IsShortCut
 0001:00024C1C       TApplication.MessageBox
 0001:00024690       TApplication.Minimize
 0001:00023E5C       TApplication.NormalizeAllTopMosts
 0001:00023E54       TApplication.NormalizeTopMosts
 0001:000251D0       TApplication.NotifyForms
 0001:000249E4       TApplication.ProcessMessage
 0001:000246D8       TApplication.Restore
 0001:00023E64       TApplication.RestoreTopMosts
 0001:0002525C       TApplication.SetHint
 0001:00024F8C       TApplication.SetShowHint
 0001:00024D74       TApplication.ShowException
 0001:000253A4       TApplication.StartHintTimer
 0001:000253DC       TApplication.StopHintTimer
 0001:00024B78       TApplication.Terminate
 0001:00024AFC       TApplication.UnhookMainWindow
 0001:00025BA8       TApplication.UpdateAction
 0001:0002534C       TApplication.UpdateVisible
 0001:00023ED8       TApplication.UseRightToLeftAlignment
 0001:00023EC0       TApplication.UseRightToLeftReading
 0001:00023FC8       TApplication.WndProc
 0002:000005E0       TaskActiveWindow
 0002:000005E8       TaskFirstTopMost
 0002:000005E4       TaskFirstWindow
 0001:0002D8E0       TBaseDragControlObject.Assign
 0001:0002D8BC       TBaseDragControlObject.Create
 0001:0002D90C       TBaseDragControlObject.EndDrag
 0001:0002D930       TBaseDragControlObject.Finished
 0001:00010D4C       TBasicAction.Change
 0001:00010C24       TBasicAction.Create
 0001:00010C68       TBasicAction.Destroy
 0001:00010CC0       TBasicAction.Execute
 0001:00010CB8       TBasicAction.ExecuteTarget
 0001:00010CB4       TBasicAction.HandlesTarget
 0001:00010D60       TBasicAction.RegisterChanges
 0001:00010CF8       TBasicAction.SetOnExecute
 0001:00010D6C       TBasicAction.UnRegisterChanges
 0001:00010CDC       TBasicAction.Update
 0001:00010CBC       TBasicAction.UpdateTarget
 0001:00010B80       TBasicActionLink.AssignClient
 0001:00010BB8       TBasicActionLink.Change
 0001:00010B3C       TBasicActionLink.Create
 0001:00010B84       TBasicActionLink.Destroy
 0001:00010BD0       TBasicActionLink.Execute
 0001:00010C0C       TBasicActionLink.IsOnExecuteLinked
 0001:00010BE0       TBasicActionLink.SetAction
 0001:00010C10       TBasicActionLink.SetOnExecute
 0001:00010C18       TBasicActionLink.Update
 0001:000168EC       TBitmap.Assign
 0001:00016AA0       TBitmap.Changed
 0001:00016A98       TBitmap.Changing
 0001:000169DC       TBitmap.CopyImage
 0001:00016848       TBitmap.Create
 0001:000168B0       TBitmap.Destroy
 0001:00016EB4       TBitmap.DIBNeeded
 0001:00016AAC       TBitmap.Dormant
 0001:00016AC8       TBitmap.Draw
 0001:00016F28       TBitmap.FreeContext
 0001:00016D18       TBitmap.FreeImage
 0001:00016D80       TBitmap.GetCanvas
 0001:00016D68       TBitmap.GetEmpty
 0001:00016DC0       TBitmap.GetHandle
 0001:00016DE4       TBitmap.GetHandleType
 0001:00016E10       TBitmap.GetHeight
 0001:00016E20       TBitmap.GetMaskHandle
 0001:00016E34       TBitmap.GetMonochrome
 0001:00016E50       TBitmap.GetPalette
 0001:00016E64       TBitmap.GetTransparentColor
 0001:00016EAC       TBitmap.GetWidth
 0001:00016F38       TBitmap.HandleNeeded
 0001:00017060       TBitmap.LoadFromClipboardFormat
 0001:00017120       TBitmap.LoadFromStream
 0001:00016F48       TBitmap.MaskHandleNeeded
 0001:00017144       TBitmap.NewImage
 0001:00016FA8       TBitmap.PaletteNeeded
 0001:00017230       TBitmap.ReadData
 0001:00017258       TBitmap.ReadDIB
 0001:00017698       TBitmap.ReadStream
 0001:00017D2C       TBitmap.SaveToClipboardFormat
 0001:00017D24       TBitmap.SaveToStream
 0001:00017704       TBitmap.SetHandle
 0001:000177C4       TBitmap.SetHandleType
 0001:000178F8       TBitmap.SetHeight
 0001:0001794C       TBitmap.SetMonochrome
 0001:000179CC       TBitmap.SetPalette
 0001:00017AA0       TBitmap.SetWidth
 0001:00017AF4       TBitmap.WriteData
 0001:00017AFC       TBitmap.WriteStream
 0001:00015E00       TBitmapImage.Destroy
 0001:00015E54       TBitmapImage.FreeHandle
 0001:0000BE78       TBits.Destroy
 0001:0000BEA8       TBits.Error
 0001:0000BFD8       TBits.OpenBit
 0001:0000BFAC       TBits.SetBit
 0001:0000BF08       TBits.SetSize
 0001:000139E4       TBrush.Assign
 0001:0001397C       TBrush.Create
 0001:000139BC       TBrush.Destroy
 0001:00013B20       TBrush.GetColor
 0001:00013A8C       TBrush.GetData
 0001:00013B5C       TBrush.GetHandle
 0001:00013C3C       TBrush.GetStyle
 0001:00013AFC       TBrush.SetBitmap
 0001:00013B28       TBrush.SetColor
 0001:00013AAC       TBrush.SetData
 0001:00013C44       TBrush.SetStyle
 0001:00014490       TCanvas.BrushChanged
 0001:00014364       TCanvas.Changed
 0001:00014350       TCanvas.Changing
 0001:00013D98       TCanvas.CopyRect
 0001:00013C78       TCanvas.Create
 0001:000143D4       TCanvas.CreateBrush
 0001:00014378       TCanvas.CreateFont
 0001:00014230       TCanvas.CreateHandle
 0001:000143A4       TCanvas.CreatePen
 0001:000141D4       TCanvas.DeselectHandles
 0001:00013D3C       TCanvas.Destroy
 0001:00013E20       TCanvas.Draw
 0001:00013ECC       TCanvas.FillRect
 0001:00014450       TCanvas.FontChanged
 0001:000141B4       TCanvas.GetHandle
 0001:000140FC       TCanvas.GetPenPos
 0001:00014140       TCanvas.GetPixel
 0001:00013F08       TCanvas.LineTo
 0001:00013F40       TCanvas.Lock
 0001:00013F68       TCanvas.MoveTo
 0001:00014470       TCanvas.PenChanged
 0001:000142DC       TCanvas.RequiredState
 0001:000140F0       TCanvas.SetBrush
 0001:000140D4       TCanvas.SetFont
 0001:00014234       TCanvas.SetHandle
 0001:000140E4       TCanvas.SetPen
 0001:00014120       TCanvas.SetPenPos
 0001:0001416C       TCanvas.SetPixel
 0001:00013F94       TCanvas.StretchDraw
 0001:00013FD0       TCanvas.TextExtent
 0001:00014030       TCanvas.TextHeight
 0001:00014014       TCanvas.TextWidth
 0001:00014050       TCanvas.TryLock
 0001:000140AC       TCanvas.Unlock
 0001:00027314       TChangeLink.Change
 0001:000272E0       TChangeLink.Destroy
 0001:0000C240       TCollection.Add
 0001:0000C24C       TCollection.Clear
 0001:00010920       TComponent.ChangeName
 0001:00010334       TComponent.Create
 0001:00010648       TComponent.DefineProperties
 0001:00010380       TComponent.Destroy
 0001:00010578       TComponent.DestroyComponents
 0001:000105A4       TComponent.Destroying
 0001:00010A8C       TComponent.ExecuteAction
 0001:00010804       TComponent.FindComponent
 0001:00010404       TComponent.FreeNotification
 0001:000106D8       TComponent.GetChildOwner
 0001:000106DC       TComponent.GetChildParent
 0001:000106D0       TComponent.GetChildren
 0001:00010934       TComponent.GetComponent
 0001:000109A0       TComponent.GetComponentCount
 0001:000106E0       TComponent.GetNamePath
 0001:000106F4       TComponent.GetOwner
 0001:000106FC       TComponent.GetParentComponent
 0001:000106CC       TComponent.HasParent
 0001:00010490       TComponent.Insert
 0001:000104E4       TComponent.InsertComponent
 0001:0001071C       TComponent.Loaded
 0001:000105DC       TComponent.Notification
 0001:00010AFC       TComponent.QueryInterface
 0001:00010450       TComponent.ReadLeft
 0001:00010728       TComponent.ReadState
 0001:00010464       TComponent.ReadTop
 0001:000104BC       TComponent.Remove
 0001:00010538       TComponent.RemoveComponent
 0001:00010ADC       TComponent.SafeCallException
 0001:000106F8       TComponent.SetChildOrder
 0001:000109B0       TComponent.SetComponentIndex
 0001:00010A04       TComponent.SetDesigning
 0001:00010854       TComponent.SetName
 0001:00010700       TComponent.SetParentComponent
 0001:00010A44       TComponent.SetReference
 0001:00010AB4       TComponent.UpdateAction
 0001:00010710       TComponent.Updated
 0001:00010AF4       TComponent.UpdateRegistry
 0001:00010704       TComponent.Updating
 0001:000107EC       TComponent.ValidateContainer
 0001:00010800       TComponent.ValidateInsert
 0001:00010738       TComponent.ValidateRename
 0001:00010478       TComponent.WriteLeft
 0001:00010730       TComponent.WriteState
 0001:00010484       TComponent.WriteTop
 0001:0001940C       TContainedAction.Destroy
 0001:00019578       TContainedAction.Execute
 0001:00019440       TContainedAction.GetIndex
 0001:0001945C       TContainedAction.GetParentComponent
 0001:0001946C       TContainedAction.HasParent
 0001:00019458       TContainedAction.IsCategoryStored
 0001:0001947C       TContainedAction.ReadState
 0001:00019524       TContainedAction.SetActionList
 0001:000194F8       TContainedAction.SetCategory
 0001:000194B0       TContainedAction.SetIndex
 0001:0001954C       TContainedAction.SetParentComponent
 0001:000195D0       TContainedAction.Update
 0001:00031B60       TControl.ActionChange
 0001:00031ED8       TControl.AdjustSize
 0001:00031D10       TControl.AssignTo
 0001:0003058C       TControl.BeginAutoDrag
 0001:000305A4       TControl.BeginDrag
 0001:000301AC       TControl.BringToFront
 0001:00030F8C       TControl.CalcDockSizes
 0001:00030D84       TControl.CanAutoSize
 0001:00030D88       TControl.CanResize
 0001:0002FB8C       TControl.ChangeScale
 0001:00031448       TControl.CheckMenuPopup
 0001:000314BC       TControl.CheckNewSize
 0001:0003127C       TControl.Click
 0001:0002FA9C       TControl.ClientToScreen
 0001:0003191C       TControl.CMBiDiModeChanged
 0001:000318C4       TControl.CMColorChanged
 0001:000319E4       TControl.CMDesignHitTest
 0001:000318B4       TControl.CMEnabledChanged
 0001:00031B00       TControl.CMFloat
 0001:000318BC       TControl.CMFontChanged
 0001:00031F24       TControl.CMHintShow
 0001:000319AC       TControl.CMHitTest
 0001:000319B4       TControl.CMMouseEnter
 0001:000319CC       TControl.CMMouseLeave
 0001:000318FC       TControl.CMParentBiDiModeChanged
 0001:000318CC       TControl.CMParentColorChanged
 0001:0003195C       TControl.CMParentFontChanged
 0001:00031934       TControl.CMParentShowHintChanged
 0001:0003198C       TControl.CMSysFontChanged
 0001:0003188C       TControl.CMVisibleChanged
 0001:00030E54       TControl.ConstrainedResize
 0001:0002F20C       TControl.Create
 0001:000319EC       TControl.CreateFloatingDockSite
 0001:000312EC       TControl.DblClick
 0001:000308A4       TControl.DefaultDockImage
 0001:00031154       TControl.DefaultHandler
 0001:0003122C       TControl.DefineProperties
 0001:0002F2DC       TControl.Destroy
 0001:00031C34       TControl.DoActionChange
 0001:00030DB8       TControl.DoCanAutoSize
 0001:00030E24       TControl.DoCanResize
 0001:0002F7C8       TControl.Dock
 0001:00030838       TControl.DockTrackNoTarget
 0001:00030E84       TControl.DoConstrainedResize
 0001:00030D78       TControl.DoConstraintsChange
 0001:0002F8D4       TControl.DoDock
 0001:000309F4       TControl.DoDragMsg
 0001:00030858       TControl.DoEndDock
 0001:0003073C       TControl.DoEndDrag
 0001:00031344       TControl.DoMouseDown
 0001:0003169C       TControl.DoMouseUp
 0001:00030884       TControl.DoStartDock
 0001:0003071C       TControl.DoStartDrag
 0001:000306A4       TControl.DragCanceled
 0001:000306F0       TControl.DragDrop
 0001:000306A8       TControl.Dragging
 0001:000306B4       TControl.DragOver
 0001:000309D4       TControl.DrawDragDockImage
 0001:00031EF8       TControl.DrawTextBiDiModeFlagsReadingOnly
 0001:000309E4       TControl.EraseDragDockImage
 0001:00030018       TControl.FontChanged
 0001:0002F444       TControl.GetAction
 0001:00031C58       TControl.GetActionLinkClass
 0001:0002F92C       TControl.GetBoundsRect
 0001:0002F9CC       TControl.GetClientHeight
 0001:0002FA0C       TControl.GetClientOrigin
 0001:0002F970       TControl.GetClientRect
 0001:0002F988       TControl.GetClientWidth
 0001:0003053C       TControl.GetControlsAlignment
 0001:00030260       TControl.GetDeviceContext
 0001:00031DF4       TControl.GetDockEdge
 0001:0002F38C       TControl.GetDragImages
 0001:0002F390       TControl.GetEnabled
 0001:00031EA4       TControl.GetFloating
 0001:00031ED0       TControl.GetFloatingDockSiteClass
 0001:0002FF0C       TControl.GetLRDockWidth
 0001:00030174       TControl.GetMouseCapture
 0001:0002F394       TControl.GetPalette
 0001:0002F3A0       TControl.GetParentComponent
 0001:00031444       TControl.GetPopupMenu
 0001:0002FEF8       TControl.GetTBDockHeight
 0001:0002FF68       TControl.GetText
 0001:0002FEC4       TControl.GetTextBuf
 0001:0002FEB4       TControl.GetTextLen
 0001:0002FED0       TControl.GetUndockHeight
 0001:0002FEE4       TControl.GetUndockWidth
 0001:0002F398       TControl.HasParent
 0001:00031F14       TControl.InitiateAction
 0001:00030420       TControl.Invalidate
 0001:00030394       TControl.InvalidateControl
 0001:0002F4D0       TControl.IsAnchorsStored
 0001:00030084       TControl.IsBiDiModeStored
 0001:00030110       TControl.IsColorStored
 0001:00031C60       TControl.IsEnabledStored
 0001:00030064       TControl.IsFontStored
 0001:00031C80       TControl.IsHintStored
 0001:00031CC0       TControl.IsOnClickStored
 0001:00030078       TControl.IsShowHintStored
 0001:00031CA0       TControl.IsVisibleStored
 0001:00031CE0       TControl.Loaded
 0001:00030AE4       TControl.ManualDock
 0001:00030CD8       TControl.ManualFloat
 0001:0003130C       TControl.MouseDown
 0001:000315F8       TControl.MouseMove
 0001:00031664       TControl.MouseUp
 0001:0002F5B0       TControl.Notification
 0001:0002F3C8       TControl.PaletteChanged
 0001:00030F58       TControl.Perform
 0001:00030768       TControl.PositionDockRect
 0001:000311DC       TControl.ReadIsControl
 0001:0002F51C       TControl.ReadState
 0001:00030444       TControl.Repaint
 0001:0002F4EC       TControl.RequestAlign
 0001:0002F4FC       TControl.Resize
 0001:0002FAC8       TControl.ScreenToClient
 0001:0002FAF4       TControl.SendCancelMode
 0001:0002FB24       TControl.SendDockNotification
 0001:0002F454       TControl.SetAction
 0001:0002F5F4       TControl.SetAlign
 0001:0002FCD4       TControl.SetAutoSize
 0001:0002FFFC       TControl.SetBiDiMode
 0001:0002F68C       TControl.SetBounds
 0001:0002F94C       TControl.SetBoundsRect
 0001:0002F9E4       TControl.SetClientHeight
 0001:0002FD8C       TControl.SetClientSize
 0001:0002F9A0       TControl.SetClientWidth
 0001:000300F4       TControl.SetColor
 0001:00030158       TControl.SetCursor
 0001:0002F4E8       TControl.SetDragMode
 0001:0002FE9C       TControl.SetEnabled
 0001:00030054       TControl.SetFont
 0001:0002F7A4       TControl.SetHeight
 0001:0002F734       TControl.SetLeft
 0001:00030184       TControl.SetMouseCapture
 0001:0002FCEC       TControl.SetName
 0001:0002FDD4       TControl.SetParent
 0001:00030138       TControl.SetParentBiDiMode
 0001:00030118       TControl.SetParentColor
 0001:0002F3A4       TControl.SetParentComponent
 0001:0003008C       TControl.SetParentFont
 0001:000300D0       TControl.SetParentShowHint
 0001:0002FF20       TControl.SetPopupMenu
 0001:000300AC       TControl.SetShowHint
 0001:0002FF98       TControl.SetText
 0001:0002FF44       TControl.SetTextBuf
 0001:0002F758       TControl.SetTop
 0001:0002FE58       TControl.SetVisible
 0001:0002F780       TControl.SetWidth
 0001:0003023C       TControl.SetZOrder
 0001:000301BC       TControl.SetZOrderPosition
 0001:00030430       TControl.Update
 0001:00030FFC       TControl.UpdateBoundsRect
 0001:00031F50       TControl.UpdateLastResize
 0001:00030558       TControl.UseRightToLeftAlignment
 0001:00030540       TControl.UseRightToLeftReading
 0001:00030570       TControl.UseRightToLeftScrollBar
 0001:00031038       TControl.VisibleChanging
 0001:000317A0       TControl.WMCancelMode
 0001:000313F0       TControl.WMLButtonDblClk
 0001:00031388       TControl.WMLButtonDown
 0001:000316D8       TControl.WMLButtonUp
 0001:000315D0       TControl.WMMButtonDblClk
 0001:000315A8       TControl.WMMButtonDown
 0001:00031780       TControl.WMMButtonUp
 0001:00031628       TControl.WMMouseMove
 0001:000313D4       TControl.WMNCLButtonDown
 0001:00031580       TControl.WMRButtonDblClk
 0001:00031558       TControl.WMRButtonDown
 0001:00031750       TControl.WMRButtonUp
 0001:000317E0       TControl.WMWindowPosChanged
 0001:0003103C       TControl.WndProc
 0001:000311F0       TControl.WriteIsControl
 0001:0002EF28       TControlActionLink.AssignClient
 0001:0002EF44       TControlActionLink.DoShowHint
 0001:0002F028       TControlActionLink.IsCaptionLinked
 0001:0002F09C       TControlActionLink.IsEnabledLinked
 0001:0002F0D0       TControlActionLink.IsHintLinked
 0001:0002F134       TControlActionLink.IsOnExecuteLinked
 0001:0002F104       TControlActionLink.IsVisibleLinked
 0001:0002F15C       TControlActionLink.SetCaption
 0001:0002F17C       TControlActionLink.SetEnabled
 0001:0002F19C       TControlActionLink.SetHint
 0001:0002F1E0       TControlActionLink.SetOnExecute
 0001:0002F1C0       TControlActionLink.SetVisible
 0001:0002ECBC       TControlCanvas.CreateHandle
 0001:0002EC90       TControlCanvas.Destroy
 0001:0002ED64       TControlCanvas.FreeHandle
 0001:0002ED98       TControlCanvas.SetControl
 0001:0002EDB0       TControlCanvas.UpdateTextFlags
 0001:0001CBBC       TControlScrollBar.Assign
 0001:0001CD0C       TControlScrollBar.CalcAutoRange
 0001:0001CC0C       TControlScrollBar.ChangeBiDiPosition
 0001:0001CEA0       TControlScrollBar.ControlSize
 0001:0001CB2C       TControlScrollBar.Create
 0001:0001D3E8       TControlScrollBar.DoSetRange
 0001:0001CBB4       TControlScrollBar.IsIncrementStored
 0001:0001D414       TControlScrollBar.IsRangeStored
 0001:0001CDB8       TControlScrollBar.IsScrollBarVisible
 0001:0001CF20       TControlScrollBar.NeedsScrollBarVisible
 0001:0001CF98       TControlScrollBar.ScrollMessage
 0001:0001D290       TControlScrollBar.SetButtonSize
 0001:0001D2A8       TControlScrollBar.SetColor
 0001:0001D2C4       TControlScrollBar.SetParentColor
 0001:0001D2DC       TControlScrollBar.SetPosition
 0001:0001D400       TControlScrollBar.SetRange
 0001:0001D3A0       TControlScrollBar.SetSize
 0001:0001D3B8       TControlScrollBar.SetStyle
 0001:0001D3D0       TControlScrollBar.SetThumbSize
 0001:0001D420       TControlScrollBar.SetVisible
 0001:0001D534       TControlScrollBar.Update
 0001:00019A80       TCustomAction.AssignTo
 0001:00019A00       TCustomAction.Create
 0001:00019A48       TCustomAction.Destroy
 0001:00019E2C       TCustomAction.DoHint
 0001:00019E4C       TCustomAction.Execute
 0001:00019AFC       TCustomAction.SetCaption
 0001:00019B64       TCustomAction.SetChecked
 0001:00019BBC       TCustomAction.SetEnabled
 0001:00019C14       TCustomAction.SetHelpContext
 0001:00019C6C       TCustomAction.SetHint
 0001:00019CD4       TCustomAction.SetImageIndex
 0001:00019DE0       TCustomAction.SetName
 0001:00019D2C       TCustomAction.SetShortCut
 0001:00019D88       TCustomAction.SetVisible
 0001:000197E0       TCustomActionList.AddAction
 0001:0001981C       TCustomActionList.Change
 0001:00019628       TCustomActionList.Create
 0001:00019690       TCustomActionList.Destroy
 0001:00019900       TCustomActionList.ExecuteAction
 0001:000196E0       TCustomActionList.GetChildren
 0001:0001978C       TCustomActionList.ImageListChange
 0001:00019884       TCustomActionList.IsShortCut
 0001:00019798       TCustomActionList.Notification
 0001:00019800       TCustomActionList.RemoveAction
 0001:00019728       TCustomActionList.SetChildOrder
 0001:00019758       TCustomActionList.SetImages
 0001:00019920       TCustomActionList.UpdateAction
 0001:0003747C       TCustomControl.Create
 0001:000374D8       TCustomControl.Destroy
 0001:000375D4       TCustomControl.Paint
 0001:00037528       TCustomControl.PaintWindow
 0001:00037508       TCustomControl.WMPaint
 0001:00022724       TCustomDockForm.CMControlListChange
 0001:0002277C       TCustomDockForm.CMDockNotification
 0001:0002281C       TCustomDockForm.CMUnDockClient
 0001:00022834       TCustomDockForm.CMVisibleChanged
 0001:000224C8       TCustomDockForm.Create
 0001:00022530       TCustomDockForm.DoAddDockClient
 0001:000225D8       TCustomDockForm.DoRemoveDockClient
 0001:00022644       TCustomDockForm.GetSiteInfo
 0001:000225F8       TCustomDockForm.Loaded
 0001:00022670       TCustomDockForm.WMNCHitTest
 0001:00022698       TCustomDockForm.WMNCLButtonDown
 0001:000209C0       TCustomForm.Activate
 0001:000207AC       TCustomForm.ActiveChanged
 0001:0001E080       TCustomForm.AfterConstruction
 0001:0001F3DC       TCustomForm.AlignControls
 0001:0001E1C0       TCustomForm.BeforeDestruction
 0001:0001E810       TCustomForm.BeginAutoDrag
 0001:0001E814       TCustomForm.ChangeScale
 0001:0001F314       TCustomForm.ClientWndProc
 0001:00021B34       TCustomForm.Close
 0001:00021C3C       TCustomForm.CloseModal
 0001:00021BD8       TCustomForm.CloseQuery
 0001:00022200       TCustomForm.CMActionExecute
 0001:00022300       TCustomForm.CMActionUpdate
 0001:00021514       TCustomForm.CMActivate
 0001:000210B0       TCustomForm.CMAppSysCommand
 0001:0001F418       TCustomForm.CMBiDiModeChanged
 0001:0001FB48       TCustomForm.CMColorChanged
 0001:0001FB84       TCustomForm.CMCtl3DChanged
 0001:00021520       TCustomForm.CMDeactivate
 0001:0002152C       TCustomForm.CMDialogKey
 0001:0001FBCC       TCustomForm.CMFontChanged
 0001:00021A48       TCustomForm.CMIconChanged
 0001:0001FBEC       TCustomForm.CMMenuChanged
 0001:0001F4B0       TCustomForm.CMParentBiDiModeChanged
 0001:00021AC8       TCustomForm.CMParentFontChanged
 0001:00021A68       TCustomForm.CMRelease
 0001:000215C8       TCustomForm.CMShowingChanged
 0001:00021A70       TCustomForm.CMTextChanged
 0001:00021AC0       TCustomForm.CMUIActivate
 0001:0001DEF8       TCustomForm.Create
 0001:0001E090       TCustomForm.CreateNew
 0001:0001FF14       TCustomForm.CreateParams
 0001:00020254       TCustomForm.CreateWindowHandle
 0001:00020114       TCustomForm.CreateWnd
 0001:000209E0       TCustomForm.Deactivate
 0001:00020398       TCustomForm.DefaultHandler
 0001:0001E6D0       TCustomForm.DefineProperties
 0001:000204AC       TCustomForm.DefocusControl
 0001:0001E224       TCustomForm.Destroy
 0001:00020354       TCustomForm.DestroyWindowHandle
 0001:0001F59C       TCustomForm.Dock
 0001:0001E95C       TCustomForm.DoClose
 0001:0001E2BC       TCustomForm.DoCreate
 0001:0001E330       TCustomForm.DoDestroy
 0001:0001F5E4       TCustomForm.DoDock
 0001:0001E97C       TCustomForm.DoHide
 0001:0001E99C       TCustomForm.DoShow
 0001:000204FC       TCustomForm.FocusControl
 0001:0001F638       TCustomForm.GetActiveMDIChild
 0001:0001F768       TCustomForm.GetCanvas
 0001:0001EA44       TCustomForm.GetChildren
 0001:0001E9BC       TCustomForm.GetClientRect
 0001:0001EAB0       TCustomForm.GetFloating
 0001:00020A20       TCustomForm.GetIconHandle
 0001:0001F66C       TCustomForm.GetMDIChildCount
 0001:0001F6B8       TCustomForm.GetMDIChildren
 0001:0001F708       TCustomForm.GetMonitor
 0001:0001FAA8       TCustomForm.GetPixelsPerInch
 0001:0001FB0C       TCustomForm.GetScaled
 0001:0001E7EC       TCustomForm.GetTextHeight
 0001:00021CE4       TCustomForm.Hide
 0001:0001E894       TCustomForm.IconChanged
 0001:0001E928       TCustomForm.IsAutoScrollStored
 0001:0001E8F0       TCustomForm.IsClientSizeStored
 0001:0001F77C       TCustomForm.IsForm
 0001:0001E900       TCustomForm.IsFormSizeStored
 0001:0001F784       TCustomForm.IsIconStored
 0001:000223A8       TCustomForm.IsShortCut
 0001:0001E390       TCustomForm.Loaded
 0001:000208B4       TCustomForm.MergeMenu
 0001:00022498       TCustomForm.MouseWheelHandler
 0001:0001FB6C       TCustomForm.NormalColor
 0001:0001E3C8       TCustomForm.Notification
 0001:00020A00       TCustomForm.Paint
 0001:00020A3C       TCustomForm.PaintWindow
 0001:00020AF4       TCustomForm.PaletteChanged
 0001:00022424       TCustomForm.QueryInterface
 0001:0001E77C       TCustomForm.ReadIgnoreFontProperty
 0001:0001E4BC       TCustomForm.ReadState
 0001:0001E79C       TCustomForm.ReadTextHeight
 0001:0001F82C       TCustomForm.RefreshMDIMenu
 0001:00021D80       TCustomForm.Release
 0001:00022114       TCustomForm.RequestAlign
 0001:00020864       TCustomForm.SendCancelMode
 0001:00020800       TCustomForm.SetActive
 0001:000203FC       TCustomForm.SetActiveControl
 0001:0001F538       TCustomForm.SetBorderIcons
 0001:0001F564       TCustomForm.SetBorderStyle
 0001:0001EADC       TCustomForm.SetChildOrder
 0001:0001EBC8       TCustomForm.SetClientHeight
 0001:0001EB98       TCustomForm.SetClientWidth
 0001:00021D04       TCustomForm.SetFocus
 0001:00020520       TCustomForm.SetFocusedControl
 0001:0001F7AC       TCustomForm.SetFormStyle
 0001:0001F770       TCustomForm.SetIcon
 0001:0001F8E4       TCustomForm.SetMenu
 0001:0001F8A8       TCustomForm.SetObjectMenuItem
 0001:0001ECA4       TCustomForm.SetParent
 0001:0001EB70       TCustomForm.SetParentBiDiMode
 0001:0001FABC       TCustomForm.SetPixelsPerInch
 0001:0001FAF0       TCustomForm.SetPosition
 0001:0001FB18       TCustomForm.SetScaled
 0001:0001EBF8       TCustomForm.SetVisible
 0001:000207B0       TCustomForm.SetWindowFocus
 0001:0001F8BC       TCustomForm.SetWindowMenu
 0001:0001FC08       TCustomForm.SetWindowState
 0001:0001FC48       TCustomForm.SetWindowToMonitor
 0001:00021CEC       TCustomForm.Show
 0001:00021D9C       TCustomForm.ShowModal
 0001:000220AC       TCustomForm.UpdateActions
 0001:0001ECDC       TCustomForm.ValidateRename
 0001:0001EC3C       TCustomForm.VisibleChanging
 0001:0001ECA0       TCustomForm.WantChildKey
 0001:00020FF4       TCustomForm.WMActivate
 0001:0002107C       TCustomForm.WMClose
 0001:00020EE0       TCustomForm.WMCommand
 0001:00020E80       TCustomForm.WMDestroy
 0001:000212AC       TCustomForm.WMEnterMenuLoop
 0001:00020C80       TCustomForm.WMEraseBkgnd
 0001:0002140C       TCustomForm.WMGetMinMaxInfo
 0001:00021308       TCustomForm.WMHelp
 0001:00020C20       TCustomForm.WMIconEraseBkgnd
 0001:00020F14       TCustomForm.WMInitMenuPopup
 0001:00021228       TCustomForm.WMMDIActivate
 0001:00020F2C       TCustomForm.WMMenuChar
 0001:00020F4C       TCustomForm.WMMenuSelect
 0001:00020DC8       TCustomForm.WMNCCreate
 0001:00020DFC       TCustomForm.WMNCLButtonDown
 0001:00021280       TCustomForm.WMNextDlgCtl
 0001:00020BA0       TCustomForm.WMPaint
 0001:00020CB8       TCustomForm.WMQueryDragIcon
 0001:00021084       TCustomForm.WMQueryEndSession
 0001:00022130       TCustomForm.WMSettingChange
 0001:00021190       TCustomForm.WMShowWindow
 0001:00021014       TCustomForm.WMSize
 0001:00021108       TCustomForm.WMSysCommand
 0001:00021480       TCustomForm.WMWindowPosChanging
 0001:0001ED60       TCustomForm.WndProc
 0001:0001E7D0       TCustomForm.WritePixelsPerInch
 0001:0001E7B4       TCustomForm.WriteTextHeight
 0001:00026224       TCustomImageList.Add
 0001:0002678C       TCustomImageList.AddImages
 0001:000267AC       TCustomImageList.Assign
 0001:0002686C       TCustomImageList.AssignTo
 0001:000272BC       TCustomImageList.BeginUpdate
 0001:000269C0       TCustomImageList.Change
 0001:0002691C       TCustomImageList.CheckImage
 0001:000263A0       TCustomImageList.Clear
 0001:000265F4       TCustomImageList.CopyImages
 0001:00025DC4       TCustomImageList.Create
 0001:00026108       TCustomImageList.CreateImageList
 0001:00026BF4       TCustomImageList.DefineProperties
 0001:00026314       TCustomImageList.Delete
 0001:00025E10       TCustomImageList.Destroy
 0001:0002640C       TCustomImageList.DoDraw
 0001:000265A8       TCustomImageList.Draw
 0001:000272C0       TCustomImageList.EndUpdate
 0001:00026AA8       TCustomImageList.Equal
 0001:000260D4       TCustomImageList.FreeHandle
 0001:000263E4       TCustomImageList.GetBkColor
 0001:000262F0       TCustomImageList.GetCount
 0001:00026070       TCustomImageList.GetHandle
 0001:000269B0       TCustomImageList.GetHotSpot
 0001:000261A4       TCustomImageList.GetImageBitmap
 0001:00026080       TCustomImageList.GetImageHandle
 0001:000261E4       TCustomImageList.GetMaskBitmap
 0001:00025F34       TCustomImageList.HandleAllocated
 0001:00025F3C       TCustomImageList.HandleNeeded
 0001:00025F48       TCustomImageList.InitBitmap
 0001:00025E7C       TCustomImageList.Initialize
 0001:00026C4C       TCustomImageList.ReadD2Stream
 0001:00026EDC       TCustomImageList.ReadD3Stream
 0001:00026FA0       TCustomImageList.ReadData
 0001:00026A54       TCustomImageList.RegisterChanges
 0001:000263AC       TCustomImageList.SetBkColor
 0001:00026994       TCustomImageList.SetDrawingStyle
 0001:00026044       TCustomImageList.SetHandle
 0001:0002600C       TCustomImageList.SetNewDimensions
 0001:00026A10       TCustomImageList.UnRegisterChanges
 0001:000271B4       TCustomImageList.WriteData
 0001:0000D8D4       TCustomMemoryStream.Read
 0001:0000D90C       TCustomMemoryStream.Seek
 0001:0000D8CC       TCustomMemoryStream.SetPointer
 0001:00037C48       TDockTree.AdjustDockRect
 0001:00037C5C       TDockTree.BeginUpdate
 0001:000395B0       TDockTree.ControlVisibilityChanged
 0001:00037AA0       TDockTree.Create
 0001:00037BFC       TDockTree.Destroy
 0001:000393A8       TDockTree.DrawSizeSplitter
 0001:00037C60       TDockTree.EndUpdate
 0001:00037CCC       TDockTree.FindControlZone
 0001:00037D30       TDockTree.ForEachAt
 0001:00037D48       TDockTree.GetControlBounds
 0001:00039500       TDockTree.GetNextLimit
 0001:00037DBC       TDockTree.HitTest
 0001:00037DCC       TDockTree.InsertControl
 0001:00037FDC       TDockTree.InsertNewParent
 0001:00038164       TDockTree.InsertSibling
 0001:000383DC       TDockTree.InternalHitTest
 0001:00038484       TDockTree.LoadFromStream
 0001:000387C0       TDockTree.PaintDockFrame
 0001:0003887C       TDockTree.PaintSite
 0001:000389D4       TDockTree.PositionDockRect
 0001:00038B7C       TDockTree.PruneZone
 0001:00038BC8       TDockTree.RemoveControl
 0001:00038C04       TDockTree.RemoveZone
 0001:00038E68       TDockTree.ResetBounds
 0001:0003909C       TDockTree.SaveToStream
 0001:00038F3C       TDockTree.ScaleZone
 0001:0003924C       TDockTree.SetNewBounds
 0001:00039278       TDockTree.SetReplacingControl
 0001:00039290       TDockTree.ShiftZone
 0001:000392AC       TDockTree.SplitterMouseDown
 0001:0003930C       TDockTree.SplitterMouseUp
 0001:00039370       TDockTree.UpdateAll
 0001:00039398       TDockTree.UpdateZone
 0001:000396C0       TDockTree.WindowProc
 0001:000375D8       TDockZone.Create
 0001:000375FC       TDockZone.GetChildCount
 0001:00037830       TDockZone.GetControlName
 0001:0003770C       TDockZone.GetHeightWidth
 0001:00037610       TDockZone.GetLimitBegin
 0001:00037658       TDockZone.GetLimitSize
 0001:000376A0       TDockZone.GetTopLeft
 0001:000377B4       TDockZone.ResetChildren
 0001:000378B0       TDockZone.SetControlName
 0001:00037950       TDockZone.Update
 0001:0002D964       TDragControlObject.GetDragCursor
 0001:0002D97C       TDragControlObject.GetDragImages
 0001:0002D988       TDragControlObject.HideDragImage
 0001:0002D9A8       TDragControlObject.ShowDragImage
 0001:0002DB04       TDragDockObject.AdjustDockRect
 0001:0002DA5C       TDragDockObject.Assign
 0001:0002D9C8       TDragDockObject.Create
 0001:0002DA2C       TDragDockObject.Destroy
 0001:0002DB84       TDragDockObject.DrawDragDockImage
 0001:0002DAC0       TDragDockObject.EndDrag
 0001:0002DB98       TDragDockObject.EraseDragDockImage
 0001:0002DBAC       TDragDockObject.GetDragCursor
 0001:0002DBB8       TDragDockObject.GetFrameWidth
 0001:000372D8       TDragImageList.BeginDrag
 0001:000371AC       TDragImageList.CombineDragCursor
 0001:00037338       TDragImageList.DragLock
 0001:000373C0       TDragImageList.DragMove
 0001:0003739C       TDragImageList.DragUnlock
 0001:00037434       TDragImageList.EndDrag
 0001:0003741C       TDragImageList.HideDragImage
 0001:000372C0       TDragImageList.SetDragCursor
 0001:00037278       TDragImageList.SetDragImage
 0001:00037404       TDragImageList.ShowDragImage
 0001:0002D718       TDragObject.Assign
 0001:0002D758       TDragObject.Capture
 0001:0002D770       TDragObject.Finished
 0001:0002D894       TDragObject.GetDragCursor
 0001:0002D890       TDragObject.GetDragImages
 0001:0002D778       TDragObject.GetName
 0001:0002D8AC       TDragObject.HideDragImage
 0001:0002D8B0       TDragObject.Instance
 0001:0002D7B4       TDragObject.MouseMsg
 0001:0002D7A0       TDragObject.ReleaseCapture
 0001:0002D8B8       TDragObject.ShowDragImage
 0002:00001043       Test8086
 0002:00001044       Test8087
 0001:0000929B       TextToFloat
 0001:00028154       TextToShortCut
 0001:0000DCB0       TFiler.Create
 0001:0000DCF8       TFiler.Destroy
 0001:0000D7A8       TFileStream.Create
 0001:0000D8A4       TFileStream.Destroy
 0001:00013228       TFont.Assign
 0001:0001320C       TFont.Changed
 0001:00013190       TFont.Create
 0001:000131E4       TFont.Destroy
 0001:00013680       TFont.GetCharset
 0001:000132FC       TFont.GetData
 0001:00013378       TFont.GetHandle
 0001:00013538       TFont.GetHeight
 0001:00013568       TFont.GetName
 0001:00013650       TFont.GetPitch
 0001:000135DC       TFont.GetSize
 0001:00013618       TFont.GetStyle
 0001:00013688       TFont.SetCharset
 0001:00013364       TFont.SetColor
 0001:00013314       TFont.SetData
 0001:00013514       TFont.SetHandle
 0001:00013540       TFont.SetHeight
 0001:00013580       TFont.SetName
 0001:00013658       TFont.SetPitch
 0001:000135F8       TFont.SetSize
 0001:00013624       TFont.SetStyle
 0001:0001571C       TGraphic.Changed
 0001:000156E4       TGraphic.Create
 0001:0001578C       TGraphic.DefineProperties
 0001:000157D8       TGraphic.Equals
 0001:0001591C       TGraphic.GetPalette
 0001:00015920       TGraphic.GetTransparent
 0001:00015924       TGraphic.LoadFromFile
 0001:00015978       TGraphic.Progress
 0001:000159A0       TGraphic.ReadData
 0001:000159AC       TGraphic.SaveToFile
 0001:00015A04       TGraphic.SetPalette
 0001:00015A08       TGraphic.SetTransparent
 0001:00015A18       TGraphic.WriteData
 0001:00012ED4       TGraphicsObject.Changed
 0001:00012EE8       TGraphicsObject.Lock
 0001:00012EF8       TGraphicsObject.Unlock
 0001:0000D75C       THandleStream.Read
 0001:0000D77C       THandleStream.Seek
 0001:0000D788       THandleStream.SetSize
 0001:0000D76C       THandleStream.Write
 0001:00018FFC       THintAction.Create
 0001:00036FC8       THintWindow.ActivateHint
 0001:000370E4       THintWindow.ActivateHintData
 0001:00037110       THintWindow.CalcHintRect
 0001:00036F38       THintWindow.CMTextChanged
 0001:00036CC0       THintWindow.Create
 0001:00036D6C       THintWindow.CreateParams
 0001:00036ECC       THintWindow.IsHintMsg
 0001:00036E30       THintWindow.Paint
 0001:00036F30       THintWindow.ReleaseHandle
 0001:00036DA8       THintWindow.WMNCHitTest
 0001:00036DB0       THintWindow.WMNCPaint
 0002:000014F2       ThousandSeparator
 0002:0000162C       ThreadWindow
 0001:00017E98       TIcon.Assign
 0001:00017E14       TIcon.Create
 0001:00017E68       TIcon.Destroy
 0001:00017EF8       TIcon.Draw
 0001:00017F30       TIcon.GetEmpty
 0001:00017F48       TIcon.GetHandle
 0001:00017F5C       TIcon.GetHeight
 0001:00017F64       TIcon.GetWidth
 0001:00017F6C       TIcon.HandleNeeded
 0001:00017FD8       TIcon.ImageNeeded
 0001:00018290       TIcon.LoadFromClipboardFormat
 0001:0001808C       TIcon.LoadFromStream
 0001:00018144       TIcon.NewImage
 0001:000182DC       TIcon.SaveToClipboardFormat
 0001:00018264       TIcon.SaveToStream
 0001:000181B8       TIcon.SetHandle
 0001:000181D0       TIcon.SetHeight
 0001:00018218       TIcon.SetTransparent
 0001:0001821C       TIcon.SetWidth
 0001:00017DCC       TIconImage.Destroy
 0001:00017DFC       TIconImage.FreeHandle
 0002:00001504       TimeAMString
 0002:00001508       TimePMString
 0002:00001500       TimeSeparator
 0001:00003ED8       TInterfacedObject.BeforeDestruction
 0001:00003EE8       TInterfacedObject.QueryInterface
 0001:00003F10       TInterfacedObject._AddRef
 0001:00003F24       TInterfacedObject._Release
 0001:0000B8D4       TList.Add
 0001:0000B8F8       TList.Clear
 0001:0000B910       TList.Delete
 0001:0000B8A8       TList.Destroy
 0001:0000B994       TList.Error
 0001:0000B9CC       TList.Expand
 0001:0000B9E4       TList.First
 0001:0000B9EC       TList.Get
 0001:0000BA50       TList.Grow
 0001:0000BA84       TList.IndexOf
 0001:0000BAA4       TList.Insert
 0001:0000BB44       TList.Last
 0001:0000BB50       TList.Put
 0001:0000BBB8       TList.Remove
 0001:0000BBD8       TList.SetCapacity
 0001:0000BC4C       TList.SetCount
 0002:000014CC       TlsIndex
 0002:FFBC4010       TlsLast
 0001:0002AE28       TMainMenu.GetHandle
 0001:0002ADFC       TMainMenu.ItemChanged
 0001:0002AD88       TMainMenu.MenuChanged
 0001:0002ADC4       TMainMenu.Merge
 0001:0002AD68       TMainMenu.SetAutoMerge
 0001:0002ADE0       TMainMenu.Unmerge
 0001:0000D95C       TMemoryStream.Clear
 0001:0000D930       TMemoryStream.Destroy
 0001:0000D9C8       TMemoryStream.Realloc
 0001:0000D974       TMemoryStream.SetCapacity
 0001:0000D99C       TMemoryStream.SetSize
 0001:0000DA88       TMemoryStream.Write
 0001:0002A808       TMenu.AdjustBiDiBehavior
 0001:0002A1A4       TMenu.Create
 0001:0002A230       TMenu.Destroy
 0001:0002A424       TMenu.DispatchCommand
 0001:0002A440       TMenu.DispatchPopup
 0001:0002A5D8       TMenu.DoBiDiModeChanged
 0001:0002A8BC       TMenu.DoChange
 0001:0002AC48       TMenu.DoGetMenuString
 0001:0002A384       TMenu.FindItem
 0001:0002A268       TMenu.GetChildren
 0001:0002A290       TMenu.GetHandle
 0001:0002A3B4       TMenu.GetHelpContext
 0001:0002A924       TMenu.ImageListChange
 0001:0002A5D0       TMenu.IsBiDiModeStored
 0001:0002A494       TMenu.IsOwnerDraw
 0001:0002A998       TMenu.IsRightToLeft
 0001:0002A554       TMenu.IsShortCut
 0001:0002A8D4       TMenu.Loaded
 0001:0002A8EC       TMenu.MenuChanged
 0001:0002A96C       TMenu.Notification
 0001:0002AD14       TMenu.ParentBiDiModeChanged
 0001:0002AD3C       TMenu.ParentBiDiModeChanged
 0001:0002AAD0       TMenu.ProcessMenuChar
 0001:0002ACF0       TMenu.SetBiDiMode
 0001:0002A29C       TMenu.SetChildOrder
 0001:0002A930       TMenu.SetImages
 0001:0002A7F8       TMenu.SetOwnerDraw
 0001:0002AD04       TMenu.SetParentBiDiMode
 0001:0002A884       TMenu.SetWindowHandle
 0001:0002A774       TMenu.UpdateImage
 0001:0002A2D4       TMenu.UpdateItems
 0001:000283D4       TMenuActionLink.AssignClient
 0001:000283F0       TMenuActionLink.IsCaptionLinked
 0001:00028424       TMenuActionLink.IsCheckedLinked
 0001:00028454       TMenuActionLink.IsEnabledLinked
 0001:00028484       TMenuActionLink.IsHelpContextLinked
 0001:000284B4       TMenuActionLink.IsHintLinked
 0001:000284E8       TMenuActionLink.IsImageIndexLinked
 0001:0002857C       TMenuActionLink.IsOnExecuteLinked
 0001:00028518       TMenuActionLink.IsShortCutLinked
 0001:0002854C       TMenuActionLink.IsVisibleLinked
 0001:000285A0       TMenuActionLink.SetCaption
 0001:000285C0       TMenuActionLink.SetChecked
 0001:000285E0       TMenuActionLink.SetEnabled
 0001:00028600       TMenuActionLink.SetHelpContext
 0001:0002861C       TMenuActionLink.SetHint
 0001:00028640       TMenuActionLink.SetImageIndex
 0001:000286A0       TMenuActionLink.SetOnExecute
 0001:00028660       TMenuActionLink.SetShortCut
 0001:00028680       TMenuActionLink.SetVisible
 0001:00029ED8       TMenuItem.ActionChange
 0001:00029C1C       TMenuItem.Add
 0001:000287BC       TMenuItem.AppendTo
 0001:0002A0FC       TMenuItem.AssignTo
 0001:00029BA4       TMenuItem.Click
 0001:000286C8       TMenuItem.Create
 0001:00028CEC       TMenuItem.DefineProperties
 0001:00029B3C       TMenuItem.Delete
 0001:00028718       TMenuItem.Destroy
 0001:00029FB8       TMenuItem.DoActionChange
 0001:00028D30       TMenuItem.DoDrawText
 0001:00028F10       TMenuItem.DrawItem
 0001:0002988C       TMenuItem.GetAction
 0001:0002989C       TMenuItem.GetActionLinkClass
 0001:00029D3C       TMenuItem.GetBitmap
 0001:0002997C       TMenuItem.GetChildren
 0001:000298A4       TMenuItem.GetCount
 0001:00028C58       TMenuItem.GetHandle
 0001:000298B4       TMenuItem.GetItem
 0001:0002991C       TMenuItem.GetMenuIndex
 0001:00029E34       TMenuItem.GetParentComponent
 0001:00029E9C       TMenuItem.GetParentMenu
 0001:000296F0       TMenuItem.HasParent
 0001:00029C04       TMenuItem.IndexOf
 0001:00029A30       TMenuItem.InitiateAction
 0001:00029E08       TMenuItem.InitiateActions
 0001:00029A40       TMenuItem.Insert
 0001:00029FDC       TMenuItem.IsCaptionStored
 0001:00029FFC       TMenuItem.IsCheckedStored
 0001:0002A01C       TMenuItem.IsEnabledStored
 0001:0002A05C       TMenuItem.IsHelpContextStored
 0001:0002A03C       TMenuItem.IsHintStored
 0001:0002A07C       TMenuItem.IsImageIndexStored
 0001:0002A0DC       TMenuItem.IsOnClickStored
 0001:0002A09C       TMenuItem.IsShortCutStored
 0001:0002A0BC       TMenuItem.IsVisibleStored
 0001:00028B10       TMenuItem.Loaded
 0001:000294F4       TMenuItem.MeasureItem
 0001:00029CA8       TMenuItem.MenuChanged
 0001:00028AEC       TMenuItem.MergeWith
 0001:0002A170       TMenuItem.Notification
 0001:00028A54       TMenuItem.PopulateMenu
 0001:00028A94       TMenuItem.ReadShortCutText
 0001:00028B4C       TMenuItem.RebuildHandle
 0001:00029C38       TMenuItem.Remove
 0001:00029D64       TMenuItem.SetAction
 0001:00029DD4       TMenuItem.SetBitmap
 0001:000296F4       TMenuItem.SetBreak
 0001:0002970C       TMenuItem.SetCaption
 0001:0002977C       TMenuItem.SetChecked
 0001:000299B4       TMenuItem.SetChildOrder
 0001:000299D4       TMenuItem.SetDefault
 0001:000297D0       TMenuItem.SetEnabled
 0001:00029848       TMenuItem.SetGroupIndex
 0001:00029904       TMenuItem.SetImageIndex
 0001:00029934       TMenuItem.SetMenuIndex
 0001:00029E48       TMenuItem.SetParentComponent
 0001:00029EAC       TMenuItem.SetRadioItem
 0001:000298D4       TMenuItem.SetShortCut
 0001:000298EC       TMenuItem.SetVisible
 0001:00029CE4       TMenuItem.SubItemChanged
 0001:00029734       TMenuItem.TurnSiblingsOff
 0001:00028BA8       TMenuItem.VerifyGroupIndex
 0001:00028C54       TMenuItem.WriteShortCutText
 0001:00022890       TMonitor.GetHeight
 0001:00022870       TMonitor.GetLeft
 0001:000228B4       TMonitor.GetTop
 0001:000228D4       TMonitor.GetWidth
 0001:00039A7C       TMouse.Create
 0001:00039B0C       TMouse.Destroy
 0001:00039B3C       TMouse.GetCapture
 0001:00039B44       TMouse.GetMouseData
 0001:00039B60       TMouse.GetNativeData
 0001:00039B90       TMouse.GetRegisteredData
 0001:00039BBC       TMouse.SetCapture
 0001:00039BE4       TMouse.SettingChanged
 0001:000087BC       TMultiReadExclusiveWriteSynchronizer.BeginWrite
 0001:000086D8       TMultiReadExclusiveWriteSynchronizer.Create
 0001:00008740       TMultiReadExclusiveWriteSynchronizer.Destroy
 0001:00008808       TMultiReadExclusiveWriteSynchronizer.EndWrite
 0001:00008780       TMultiReadExclusiveWriteSynchronizer.WriterIsOnlyReader
 0001:00001E08       TObject.AfterConstruction
 0001:00001E0C       TObject.BeforeDestruction
 0001:00001DF8       TObject.ClassInfo
 0001:00001B58       TObject.ClassName
 0001:00001B6C       TObject.ClassNameIs
 0001:00001B94       TObject.ClassParent
 0001:00001B54       TObject.ClassType
 0001:00001BDC       TObject.Create
 0001:00001E04       TObject.DefaultHandler
 0001:00001BFC       TObject.Destroy
 0001:00001E10       TObject.Dispatch
 0001:00001E88       TObject.FieldAddress
 0001:00001C0C       TObject.Free
 0001:00001BB4       TObject.FreeInstance
 0001:00001CA0       TObject.GetInterface
 0001:00001D38       TObject.GetInterfaceEntry
 0001:00001C18       TObject.InitInstance
 0001:00001E38       TObject.MethodAddress
 0001:00001BA0       TObject.NewInstance
 0001:00001DFC       TObject.SafeCallException
 0001:0001371C       TPen.Assign
 0001:000136B0       TPen.Create
 0001:000136F4       TPen.Destroy
 0001:0001383C       TPen.GetColor
 0001:000137D4       TPen.GetData
 0001:0001386C       TPen.GetHandle
 0001:00013918       TPen.GetStyle
 0001:00013948       TPen.GetWidth
 0001:00013844       TPen.SetColor
 0001:000137EC       TPen.SetData
 0001:00013904       TPen.SetMode
 0001:00013920       TPen.SetStyle
 0001:00013950       TPen.SetWidth
 0001:0000C07C       TPersistent.Assign
 0001:0000C090       TPersistent.AssignError
 0001:0000C180       TPersistent.AssignTo
 0001:0000C188       TPersistent.DefineProperties
 0001:0000C050       TPersistent.Destroy
 0001:0000C18C       TPersistent.GetNamePath
 0001:0000C23C       TPersistent.GetOwner
 0001:0002B50C       TPopupMenu.Create
 0001:0002B57C       TPopupMenu.Destroy
 0001:0002B5B0       TPopupMenu.DoPopup
 0001:0002B5C4       TPopupMenu.GetHelpContext
 0001:0002B668       TPopupMenu.Popup
 0001:0002B5D4       TPopupMenu.SetBiDiModeFromPopupControl
 0001:0002B5CC       TPopupMenu.SetHelpContext
 0001:0002B61C       TPopupMenu.UseRightToLeftAlignment
 0001:0000549C       TrackPopupMenu
 0001:000054A4       TranslateMDISysAccel
 0001:000054AC       TranslateMessage
 0001:00014810       TransparentStretchBlt
 0001:0000E288       TReader.CheckValue
 0001:0000E2E0       TReader.DefineBinaryProperty
 0001:0000E2AC       TReader.DefineProperty
 0001:0000E24C       TReader.Destroy
 0001:0000E458       TReader.DoFixupReferences
 0001:0000E3BC       TReader.EndOfList
 0001:0000E3D0       TReader.Error
 0001:000100AC       TReader.FindAncestorComponent
 0001:0000E3F0       TReader.FindMethod
 0001:0000E558       TReader.FlushBuffer
 0001:0000E578       TReader.FreeFixups
 0001:0000E5B4       TReader.GetPosition
 0001:0000E5CC       TReader.NextValue
 0001:0000E5DC       TReader.PropertyError
 0001:0000E5E8       TReader.Read
 0001:0000E6AC       TReader.ReadBoolean
 0001:0000E634       TReader.ReadBuffer
[...]
 0001:00031D10       TControl.AssignTo
 0001:00031DF4       TControl.GetDockEdge
 0001:00031EA4       TControl.GetFloating
 0001:00031ED0       TControl.GetFloatingDockSiteClass
 0001:00031ED8       TControl.AdjustSize
 0001:00031EF8       TControl.DrawTextBiDiModeFlagsReadingOnly
 0001:00031F14       TControl.InitiateAction
 0001:00031F24       TControl.CMHintShow
 0001:00031F50       TControl.UpdateLastResize
 0001:00031F5C       TWinControlActionLink.AssignClient
 0001:00031F80       TWinControlActionLink.IsHelpContextLinked
 0001:00031FB4       TWinControlActionLink.SetHelpContext
 0001:00031FD4       TWinControl.Create
 0001:000320B8       TWinControl.Destroy
 0001:0003218C       TWinControl.FixupTabList
 0001:00032260       TWinControl.ReadState
 0001:000322D8       TWinControl.AdjustClientRect
 0001:000327B0       TWinControl.AlignControls
 0001:000328AC       TWinControl.AlignControl
 0001:00032940       TWinControl.DisableAlign
 0001:00032948       TWinControl.EnableAlign
 0001:0003297C       TWinControl.Realign
 0001:00032984       TWinControl.DoFlipChildren
 0001:00032A58       TWinControl.FlipChildren
 0001:00032B98       TWinControl.ContainsControl
 0001:00032BAC       TWinControl.RemoveFocus
 0001:00032BCC       TWinControl.Insert
 0001:00032C18       TWinControl.Remove
 0001:00032C60       TWinControl.InsertControl
 0001:00032D34       TWinControl.RemoveControl
 0001:00032DB0       TWinControl.GetControl
 0001:00032DEC       TWinControl.GetControlCount
 0001:00032E0C       TWinControl.Broadcast
 0001:00032E4C       TWinControl.NotifyControls
 0001:00032E74       TWinControl.AddBiDiModeExStyle
 0001:00032EDC       TWinControl.CreateParams
 0001:0003300C       TWinControl.CreateWnd
 0001:00033178       TWinControl.CreateWindowHandle
 0001:000331BC       TWinControl.DestroyWnd
 0001:00033214       TWinControl.DestroyWindowHandle
 0001:00033270       TWinControl.PrecedingWindow
 0001:000332B8       TWinControl.CreateHandle
 0001:00033328       TWinControl.DestroyHandle
 0001:00033370       TWinControl.RecreateWnd
 0001:00033388       TWinControl.CMRecreateWnd
 0001:000333C4       TWinControl.UpdateShowing
 0001:000334C0       TWinControl.UpdateControlState
 0001:00033500       TWinControl.MainWndProc
 0001:00033578       TWinControl.ControlAtPos
 0001:0003363C       TWinControl.IsControlMouseMsg
 0001:000336C8       TWinControl.WndProc
 0001:00033884       TWinControl.DefaultHandler
 0001:00033984       TWinControl.PaintHandler
 0001:00033AB4       TWinControl.PaintWindow
 0001:00033ADC       TWinControl.PaintControls
 0001:00033D0C       TWinControl.WMPaint
 0001:00033E6C       TWinControl.WMCommand
 0001:00033E8C       TWinControl.WMNotify
 0001:00033EB0       TWinControl.WMSysColorChange
 0001:00033ECC       TWinControl.WMWinIniChange
 0001:00033EE0       TWinControl.WMFontChange
 0001:00033EF0       TWinControl.WMTimeChange
 0001:00033F00       TWinControl.WMHScroll
 0001:00033F20       TWinControl.WMVScroll
 0001:00033F40       TWinControl.WMCompareItem
 0001:00033F64       TWinControl.WMDeleteItem
 0001:00033F88       TWinControl.WMDrawItem
 0001:00033FAC       TWinControl.WMMeasureItem
 0001:00033FD0       TWinControl.WMEraseBkgnd
 0001:0003401C       TWinControl.WMWindowPosChanged
 0001:000340DC       TWinControl.WMWindowPosChanging
 0001:00034128       TWinControl.WMSize
 0001:0003415C       TWinControl.WMMove
 0001:00034170       TWinControl.WMSetCursor
 0001:0003425C       TWinControl.WMSetFocus
 0001:00034270       TWinControl.WMKillFocus
 0001:00034284       TWinControl.WMIMEStartComp
 0001:00034298       TWinControl.WMIMEEndComp
 0001:000342AC       TWinControl.SetIme
 0001:00034354       TWinControl.ResetIme
 0001:000343B0       TWinControl.DoAddDockClient
 0001:000343B8       TWinControl.DoRemoveDockClient
 0001:000343BC       TWinControl.DoEnter
 0001:000343DC       TWinControl.DoExit
 0001:000343FC       TWinControl.DockDrop
 0001:0003444C       TWinControl.DoDockOver
 0001:00034480       TWinControl.DockOver
 0001:000344C0       TWinControl.DoUnDock
 0001:00034518       TWinControl.ReloadDockedControl
 0001:0003453C       TWinControl.GetDockClientCount
 0001:00034550       TWinControl.GetDockClients
 0001:00034574       TWinControl.GetSiteInfo
 0001:000345D0       TWinControl.CreateDockManager
 0001:0003463C       TWinControl.SetDockSite
 0001:000346F0       TWinControl.CMDockClient
 0001:000347E0       TWinControl.CMUnDockClient
 0001:00034808       TWinControl.CMFloat
 0001:0003488C       TWinControl.KeyDown
 0001:000348B4       TWinControl.DoKeyDown
 0001:0003491C       TWinControl.WMKeyDown
 0001:0003493C       TWinControl.WMSysKeyDown
 0001:0003495C       TWinControl.KeyUp
 0001:00034984       TWinControl.DoKeyUp
 0001:00034A10       TWinControl.WMKeyUp
 0001:00034A30       TWinControl.WMSysKeyUp
 0001:00034A50       TWinControl.KeyPress
 0001:00034A70       TWinControl.DoKeyPress
 0001:00034ADC       TWinControl.WMChar
 0001:00034AFC       TWinControl.CMMouseWheel
 0001:00034B58       TWinControl.WMMouseWheel
 0001:00034B8C       TWinControl.MouseWheelHandler
 0001:00034BCC       TWinControl.DoMouseWheel
 0001:00034C90       TWinControl.DoMouseWheelDown
 0001:00034CDC       TWinControl.DoMouseWheelUp
 0001:00034DD8       TWinControl.WMSysCommand
 0001:00034E80       TWinControl.WMCharToItem
 0001:00034EA0       TWinControl.WMParentNotify
 0001:00034ED4       TWinControl.WMVKeyToItem
 0001:00034EF4       TWinControl.WMDestroy
 0001:00034F28       TWinControl.WMNCDestroy
 0001:00034F44       TWinControl.WMNCHitTest
 0001:00034F68       TWinControl.PaletteChanged
 0001:00034FCC       TWinControl.WMQueryNewPalette
 0001:00034FF0       TWinControl.WMPaletteChanged
 0001:00035010       TWinControl.CMShowHintChanged
 0001:00035028       TWinControl.CMBiDiModeChanged
 0001:00035060       TWinControl.CMEnter
 0001:0003506C       TWinControl.CMExit
 0001:00035078       TWinControl.CMDesignHitTest
 0001:00035098       TWinControl.CMChanged
 0001:000350AC       TWinControl.CMChildKey
 0001:000350C0       TWinControl.CMDialogKey
 0001:000350C8       TWinControl.CMDialogChar
 0001:000350D0       TWinControl.CMFocusChanged
 0001:000350D8       TWinControl.CMVisibleChanged
 0001:00035108       TWinControl.CMShowingChanged
 0001:00035130       TWinControl.CMEnabledChanged
 0001:00035178       TWinControl.CMColorChanged
 0001:000351A0       TWinControl.CMFontChanged
 0001:000351DC       TWinControl.CMCursorChanged
 0001:0003521C       TWinControl.CMBorderChanged
 0001:0003524C       TWinControl.CMCtl3DChanged
 0001:0003528C       TWinControl.CMParentCtl3DChanged
 0001:000352CC       TWinControl.CMSysColorChange
 0001:000352D4       TWinControl.CMWinIniChange
 0001:000352DC       TWinControl.CMFontChange
 0001:000352E4       TWinControl.CMTimeChange
 0001:000352EC       TWinControl.CMDrag
 0001:00035344       TWinControl.CMControlListChange
 0001:00035358       TWinControl.CMSysFontChanged
 0001:00035374       TWinControl.IsMenuKey
 0001:00035408       TWinControl.CNKeyDown
 0001:000354E0       TWinControl.CNKeyUp
 0001:00035534       TWinControl.CNChar
 0001:00035580       TWinControl.CNSysKeyDown
 0001:000355DC       TWinControl.CNSysChar
 0001:00035610       TWinControl.SetBounds
 0001:00035700       TWinControl.ScaleControls
 0001:00035748       TWinControl.ChangeScale
 0001:000357A8       TWinControl.ScrollBy
 0001:00035880       TWinControl.ShowControl
 0001:00035898       TWinControl.SetZOrderPosition
 0001:00035970       TWinControl.SetZOrder
 0001:000359D0       TWinControl.GetDeviceContext
 0001:00035A68       TWinControl.Invalidate
 0001:00035A78       TWinControl.CMInvalidate
 0001:00035AC8       TWinControl.Update
 0001:00035AE4       TWinControl.Repaint
 0001:00035AFC       TWinControl.InvalidateFrame
 0001:00035B34       TWinControl.CanFocus
 0001:00035B74       TWinControl.SetFocus
 0001:00035BAC       TWinControl.Focused
 0001:00035BD0       TWinControl.HandleNeeded
 0001:00035BF4       TWinControl.GetHandle
 0001:00035C08       TWinControl.GetControlExtents
 0001:00035C9C       TWinControl.GetClientOrigin
 0001:00035CBC       TWinControl.GetClientRect
 0001:00035CD4       TWinControl.AdjustSize
 0001:00035D14       TWinControl.SetBorderWidth
 0001:00035D34       TWinControl.SetCtl3D
 0001:00035D58       TWinControl.IsCtl3DStored
 0001:00035D64       TWinControl.SetParentCtl3D
 0001:00035D88       TWinControl.GetTabOrder
 0001:00035DAC       TWinControl.UpdateTabOrder
 0001:00035E08       TWinControl.SetTabOrder
 0001:00035E20       TWinControl.SetTabStop
 0001:00035E80       TWinControl.UpdateLastResize
 0001:00035F64       TWinControl.SetUseDockManager
 0001:00035FD4       TWinControl.HandleAllocated
 0001:00035FE0       TWinControl.UpdateBounds
 0001:000360A8       TWinControl.GetTabOrderList
 0001:00036100       TWinControl.FindNextControl
 0001:00036200       TWinControl.SelectNext
 0001:0003622C       TWinControl.GetChildren
 0001:00036274       TWinControl.SetChildOrder
 0001:000362B4       TWinControl.CanResize
 0001:00036340       TWinControl.CalcConstraints
 0001:00036708       TWinControl.ConstrainedResize
 0001:00036744       TWinControl.ActionChange
 0001:00036784       TWinControl.GetActionLinkClass
 0001:0003678C       TWinControl.IsHelpContextStored
 0001:000367AC       TWinControl.AssignTo
 0001:000367DC       TWinControl.CanAutoSize
 0001:000369A8       TWinControl.WMNCCalcSize
 0001:00036A38       TWinControl.WMNCPaint
 0001:00036CC0       THintWindow.Create
 0001:00036D6C       THintWindow.CreateParams
 0001:00036DA8       THintWindow.WMNCHitTest
 0001:00036DB0       THintWindow.WMNCPaint
 0001:00036E30       THintWindow.Paint
 0001:00036ECC       THintWindow.IsHintMsg
 0001:00036F30       THintWindow.ReleaseHandle
 0001:00036F38       THintWindow.CMTextChanged
 0001:00036FC8       THintWindow.ActivateHint
 0001:000370E4       THintWindow.ActivateHintData
 0001:00037110       THintWindow.CalcHintRect
 0001:000371AC       TDragImageList.CombineDragCursor
 0001:00037278       TDragImageList.SetDragImage
 0001:000372C0       TDragImageList.SetDragCursor
 0001:000372D8       TDragImageList.BeginDrag
 0001:00037338       TDragImageList.DragLock
 0001:0003739C       TDragImageList.DragUnlock
 0001:000373C0       TDragImageList.DragMove
 0001:00037404       TDragImageList.ShowDragImage
 0001:0003741C       TDragImageList.HideDragImage
 0001:00037434       TDragImageList.EndDrag
 0001:0003747C       TCustomControl.Create
 0001:000374D8       TCustomControl.Destroy
 0001:00037508       TCustomControl.WMPaint
 0001:00037528       TCustomControl.PaintWindow
 0001:000375D4       TCustomControl.Paint
 0001:000375D8       TDockZone.Create
 0001:000375FC       TDockZone.GetChildCount
 0001:00037610       TDockZone.GetLimitBegin
 0001:00037658       TDockZone.GetLimitSize
 0001:000376A0       TDockZone.GetTopLeft
 0001:0003770C       TDockZone.GetHeightWidth
 0001:000377B4       TDockZone.ResetChildren
 0001:00037830       TDockZone.GetControlName
 0001:000378B0       TDockZone.SetControlName
 0001:00037950       TDockZone.Update
 0001:00037AA0       TDockTree.Create
 0001:00037BFC       TDockTree.Destroy
 0001:00037C48       TDockTree.AdjustDockRect
 0001:00037C5C       TDockTree.BeginUpdate
 0001:00037C60       TDockTree.EndUpdate
 0001:00037CCC       TDockTree.FindControlZone
 0001:00037D30       TDockTree.ForEachAt
 0001:00037D48       TDockTree.GetControlBounds
 0001:00037DBC       TDockTree.HitTest
 0001:00037DCC       TDockTree.InsertControl
 0001:00037FDC       TDockTree.InsertNewParent
 0001:00038164       TDockTree.InsertSibling
 0001:000383DC       TDockTree.InternalHitTest
 0001:00038484       TDockTree.LoadFromStream
 0001:000387C0       TDockTree.PaintDockFrame
 0001:0003887C       TDockTree.PaintSite
 0001:000389D4       TDockTree.PositionDockRect
 0001:00038B7C       TDockTree.PruneZone
 0001:00038BC8       TDockTree.RemoveControl
 0001:00038C04       TDockTree.RemoveZone
 0001:00038E68       TDockTree.ResetBounds
 0001:00038F3C       TDockTree.ScaleZone
 0001:0003909C       TDockTree.SaveToStream
 0001:0003924C       TDockTree.SetNewBounds
 0001:00039278       TDockTree.SetReplacingControl
 0001:00039290       TDockTree.ShiftZone
 0001:000392AC       TDockTree.SplitterMouseDown
 0001:0003930C       TDockTree.SplitterMouseUp
 0001:00039370       TDockTree.UpdateAll
 0001:00039398       TDockTree.UpdateZone
 0001:000393A8       TDockTree.DrawSizeSplitter
 0001:00039500       TDockTree.GetNextLimit
 0001:000395B0       TDockTree.ControlVisibilityChanged
 0001:000396C0       TDockTree.WindowProc
 0001:00039A7C       TMouse.Create
 0001:00039B0C       TMouse.Destroy
 0001:00039B3C       TMouse.GetCapture
 0001:00039B44       TMouse.GetMouseData
 0001:00039B60       TMouse.GetNativeData
 0001:00039B90       TMouse.GetRegisteredData
 0001:00039BBC       TMouse.SetCapture
 0001:00039BE4       TMouse.SettingChanged
 0001:00039EB0       Win32NLSEnableIME
 0001:00039EC8       SetImeMode
 0001:00039FA4       Imm32IsIME
 0001:0003A13C       Finalization
 0001:0003A190       Controls
 0001:0003A1B4       Finalization
 0001:0003A1E4       CommDlg
 0001:0003A1EC       Finalization
 0001:0003A21C       ExtCtrls
 0001:0003A224       Finalization
 0001:0003A254       Dlgs
 0001:0003A454       Finalization
 0001:0003A4B0       Dialogs
 0001:0003A4CC       Finalization
 0001:0003A4FC       Unit1
 0001:0003A504       ShowSettingsWindow
 0001:0003A51C       Finalization
 0001:0003A64C       ADwin
 0002:00000000       Default8087CW
 0002:00000004       HeapAllocFlags
 0002:00000008       DebugHook
 0002:0000000C       LibModuleList
 0002:00000010       ModuleUnloadList
 0002:000000C4       EmptyStr
 0002:000000C8       Win32Platform
 0002:000000CC       Win32MajorVersion
 0002:000000D0       Win32MinorVersion
 0002:000000D4       Win32BuildNumber
 0002:000000D8       Win32CSDVersion
 0002:000000DC       LeadBytes
 0002:000000FC       HexDisplayPrefix
 0002:00000100       GetDiskFreeSpaceEx
 0002:00000124       FormatErrorStrs
 0002:000001C4       ErrorMap
 0002:000001FC       ExceptMap
 0002:000002A8       BooleanIdents
 0002:000002B0       DotSep
 0002:000002B4       C10000
 0002:00000310       DefFontData
 0002:0000033C       DDBsOnly
 0002:00000340       Colors
 0002:00000490       FontCharsets
 0002:00000570       ClipboardFormats
 0002:00000574       FileFormats
 0002:00000578       BitmapCanvasList
 0002:000005C4       FPrinter
 0002:000005C8       Ctl3DBtnWndProc
 0002:000005CC       Ctl3DDlgFramePaint
 0002:000005D0       Ctl3DCtlColorEx
 0002:000005D4       HintWindowClass
 0002:000005D8       FocusMessages
 0002:000005DC       FocusCount
 0002:000005E0       TaskActiveWindow
 0002:000005E4       TaskFirstWindow
 0002:000005E8       TaskFirstTopMost
 0002:000006F8       AppVisible
 0002:00000720       MenuKeyCaps
 0002:000007F8       CreationControl
 0002:000007FC       AnchorAlign
 0002:00000804       Cursors
 0002:000008B4       CaptureControl
 0002:00000908       TreeStreamEndFlag
 0002:00000914       IMM32DLL
 0002:00000920       WndProcPtrAtom
 0002:00000938       ButtonNames
 0002:00001000       ExceptProc
 0002:00001004       ErrorProc
 0002:00001008       ExceptClsProc
 0002:0000100C       ExceptObjProc
 0002:00001010       ExceptionClass
 0002:00001014       AssertErrorProc
 0002:00001018       AbstractErrorProc
 0002:0000101C       MainInstance
 0002:00001020       MainThreadID
 0002:00001024       IsLibrary
 0002:00001028       CmdShow
 0002:0000102C       CmdLine
 0002:00001030       ExitCode
 0002:00001034       ExitProc
 0002:00001038       ErrorAddr
 0002:0000103C       RandSeed
 0002:00001040       IsConsole
 0002:00001041       IsMultiThread
 0002:00001042       FileMode
 0002:00001043       Test8086
 0002:00001044       Test8087
 0002:00001048       Input
 0002:00001214       Output
 0002:000013E0       ClearAnyProc
 0002:000013E4       ChangeAnyProc
 0002:000013E8       RefAnyProc
 0002:000013EC       Unassigned
 0002:000013FC       Null
 0002:0000140C       EmptyParam
 0002:0000141C       AllocMemCount
 0002:00001420       AllocMemSize
 0002:00001424       .3
 0002:00001428       initialized
 0002:0000142C       heapErrorCode
 0002:00001480       remBytes
 0002:000014C8       ModuleIsLib
 0002:000014C9       ModuleIsCpp
 0002:000014CC       TlsIndex
 0002:000014D4       HInstance
 0002:000014D8       DllProc
 0002:000014EC       CurrencyString
 0002:000014F0       CurrencyFormat
 0002:000014F1       NegCurrFormat
 0002:000014F2       ThousandSeparator
 0002:000014F3       DecimalSeparator
 0002:000014F4       CurrencyDecimals
 0002:000014F5       DateSeparator
 0002:000014F8       ShortDateFormat
 0002:000014FC       LongDateFormat
 0002:00001500       TimeSeparator
 0002:00001504       TimeAMString
 0002:00001508       TimePMString
 0002:0000150C       ShortTimeFormat
 0002:00001510       LongTimeFormat
 0002:00001514       ShortMonthNames
 0002:00001544       LongMonthNames
 0002:00001574       ShortDayNames
 0002:00001590       LongDayNames
 0002:000015AC       SysLocale
 0002:000015B8       EraNames
 0002:000015D4       EraYearOffsets
 0002:000015F0       ListSeparator
 0002:000015F8       OutOfMemory
 0002:000015FC       InvalidPointer
 0002:00001610       GlobalNameSpace
 0002:00001614       FindGlobalComponent
 0002:0000161C       ClassList
 0002:00001620       ClassAliasList
 0002:00001624       IntConstList
 0002:00001628       GlobalFixupList
 0002:0000162C       ThreadWindow
 0002:00001630       GetSystemMetrics
 0002:00001634       MonitorFromWindow
 0002:00001638       MonitorFromRect
 0002:0000163C       MonitorFromPoint
 0002:00001640       GetMonitorInfoA
 0002:00001644       GetMonitorInfoW
 0002:00001648       GetMonitorInfo
 0002:0000164C       EnumDisplayMonitors
 0002:00001654       User32Dll
 0002:00001660       MMAvailable
 0002:00001664       SystemPalette16
 0002:0000166C       ScreenLogPixels
 0002:00001670       StockPen
 0002:00001674       StockBrush
 0002:00001678       StockFont
 0002:0000167C       StockIcon
 0002:000016B0       FontManager
 0002:000016B4       PenManager
 0002:000016B8       BrushManager
 0002:000016BC       CanvasList
 0002:000016C0       PatternManager
 0002:000016D8       FlatSB_EnableScrollBar
 0002:000016DC       FlatSB_ShowScrollBar
 0002:000016E0       FlatSB_GetScrollRange
 0002:000016E4       FlatSB_GetScrollInfo
 0002:000016E8       FlatSB_GetScrollPos
 0002:000016EC       FlatSB_SetScrollPos
 0002:000016F0       FlatSB_SetScrollInfo
 0002:000016F4       FlatSB_SetScrollRange
 0002:00001710       CF_PICTURE
 0002:00001712       CF_COMPONENT
 0002:00001718       FClipboard
 0002:00001724       Application
 0002:00001728       Screen
 0002:00001730       Ctl3DHandle
 0002:00001758       HintThreadID
 0002:0000175C       HintDoneEvent
 0002:00001760       HintHook
 0002:00001764       HintThread
 0002:00001770       CommandPool
 0002:00001774       PopupList
 0002:00001778       Mouse
 0002:0000177C       NewStyleControls
 0002:00001784       WindowAtom
 0002:00001786       ControlAtom
 0002:00001788       DragControl
 0002:0000178C       DragObject
 0002:00001790       DragFreeObject
 0002:00001794       DragCapture
 0002:000017A0       DragSaveCursor
 0002:000017A4       DragThreshold
 0002:000017A8       ActiveDrag
 0002:000017AC       DragImageList
 0002:000017B0       DockSiteList
 0002:000017B4       QualifyingSites
 0002:000017B8       CanvasList
 0002:000017F8       HelpMsg
 0002:000017FC       FindMsg
 0002:00001800       Form1
 0002:00001804       .2


Line numbers for Unit1(Unit1.pas) segment .text

    46 0001:0003A4FC    46 0001:0003A503

Line numbers for ADwin(C:\Documenti\Sorgenti\Delphi-Code\ADinterface\ADwin.dpr) segment .text

    21 0001:0003A504    22 0001:0003A519    23 0001:0003A51B    28 0001:0003A64C
    29 0001:0003A65C

Bound resource files

c:\programmi\borland\delphi4\Lib\CONTROLS.RES
Unit1.DFM
ADwin.drf


Program entry point at 0001:0003A64C
